2026-01-29 17:35:18,136 | INFO | ✅ Connected to MongoDB: semsai
2026-01-29 17:35:18,608 | INFO | 🚀 Initializing browser...
2026-01-29 17:35:21,318 | INFO | ✅ Browser initialized (UA: Mozilla/5.0 (Macintosh; Intel Mac OS X 10_15_7) Ap...)
2026-01-29 17:35:21,319 | INFO | 📄 Scraping developer list page 1...
2026-01-29 17:35:21,322 | INFO | 📄 Navigating to: https://www.nawy.com/developer...
2026-01-29 17:35:32,031 | INFO |    Page 1: 454 developers (total: 454)
2026-01-29 17:35:39,358 | INFO | 🔌 Browser closed
2026-01-29 17:35:39,359 | INFO | ✅ Found 454 unique developer URLs
2026-01-29 17:36:21,946 | INFO | 🚀 Initializing browser...
2026-01-29 17:36:25,275 | INFO | ✅ Browser initialized (UA: Mozilla/5.0 (Windows NT 10.0; Win64; x64) AppleWeb...)
2026-01-29 17:36:25,280 | INFO | [1/454] Scraping: https://www.nawy.com/developer/121-121-sky-ad-developments
2026-01-29 17:36:25,285 | INFO | 📄 Navigating to: https://www.nawy.com/developer/121-121-sky-ad-developments...
2026-01-29 17:36:37,626 | INFO |    ✅ Sky AD Developments
2026-01-29 17:36:37,784 | INFO | ➕ Inserted new developer: Sky AD Developments
2026-01-29 17:36:37,821 | INFO |    💾 Saved to MongoDB
2026-01-29 17:36:43,320 | INFO | [2/454] Scraping: https://www.nawy.com/developer/437-437-euphoria-group
2026-01-29 17:36:43,324 | INFO | 📄 Navigating to: https://www.nawy.com/developer/437-437-euphoria-group...
2026-01-29 17:36:55,754 | INFO |    ✅ Euphoria Group
2026-01-29 17:36:55,886 | INFO | ➕ Inserted new developer: Euphoria Group
2026-01-29 17:36:55,887 | INFO |    💾 Saved to MongoDB
2026-01-29 17:37:00,219 | INFO | [3/454] Scraping: https://www.nawy.com/developer/143-143-eg-towers-real-estate-development
2026-01-29 17:37:00,220 | INFO | 📄 Navigating to: https://www.nawy.com/developer/143-143-eg-towers-real-estate-development...
2026-01-29 17:37:21,000 | ERROR | Error
Traceback (most recent call last):
  File "E:\StudioProjects\SemsAi\nawy-scraper\scrape_developers_smart.py", line 449, in scrape_missing_developers
    dev_data = await scraper.scrape_developer_detail(url)
               ^^^^^^^^^^^^^^^^^^^^^^^^^^^^^^^^^^^^^^^^^^
  File "E:\StudioProjects\SemsAi\nawy-scraper\scrape_developers_smart.py", line 205, in scrape_developer_detail
    await self.human_scroll(300)
  File "E:\StudioProjects\SemsAi\nawy-scraper\scrapers\base_scraper.py", line 134, in human_scroll
    await asyncio.sleep(random.uniform(0.3, 0.8))
  File "C:\Program Files\Python312\Lib\asyncio\tasks.py", line 665, in sleep
    return await future
           ^^^^^^^^^^^^
asyncio.exceptions.CancelledError

During handling of the above exception, another exception occurred:

Traceback (most recent call last):
  File "E:\StudioProjects\SemsAi\nawy-scraper\scrape_developers_smart.py", line 511, in main
    developers = asyncio.run(scrape_missing_developers())
                 ^^^^^^^^^^^^^^^^^^^^^^^^^^^^^^^^^^^^^^^^
  File "C:\Program Files\Python312\Lib\asyncio\runners.py", line 194, in run
    return runner.run(main)
           ^^^^^^^^^^^^^^^^
  File "C:\Program Files\Python312\Lib\asyncio\runners.py", line 118, in run
    return self._loop.run_until_complete(task)
           ^^^^^^^^^^^^^^^^^^^^^^^^^^^^^^^^^^^
  File "C:\Program Files\Python312\Lib\asyncio\base_events.py", line 687, in run_until_complete
    return future.result()
           ^^^^^^^^^^^^^^^
  File "E:\StudioProjects\SemsAi\nawy-scraper\scrape_developers_smart.py", line 489, in scrape_missing_developers
    await scraper.close()
  File "E:\StudioProjects\SemsAi\nawy-scraper\scrapers\base_scraper.py", line 107, in close
    await self.context.close()
  File "C:\Users\Youssef\AppData\Roaming\Python\Python312\site-packages\playwright\async_api\_generated.py", line 13758, in close
    return mapping.from_maybe_impl(await self._impl_obj.close(reason=reason))
                                   ^^^^^^^^^^^^^^^^^^^^^^^^^^^^^^^^^^^^^^^^^
  File "C:\Users\Youssef\AppData\Roaming\Python\Python312\site-packages\playwright\_impl\_browser_context.py", line 485, in close
    await self._channel.send("close", filter_none({"reason": reason}))
  File "C:\Users\Youssef\AppData\Roaming\Python\Python312\site-packages\playwright\_impl\_connection.py", line 62, in send
    return await self._connection.wrap_api_call(
           ^^^^^^^^^^^^^^^^^^^^^^^^^^^^^^^^^^^^^
  File "C:\Users\Youssef\AppData\Roaming\Python\Python312\site-packages\playwright\_impl\_connection.py", line 492, in wrap_api_call
    return await cb()
           ^^^^^^^^^^
  File "C:\Users\Youssef\AppData\Roaming\Python\Python312\site-packages\playwright\_impl\_connection.py", line 100, in inner_send
    result = next(iter(done)).result()
             ^^^^^^^^^^^^^^^^^^^^^^^^^
playwright._impl._errors.TargetClosedError: Target page, context or browser has been closed
2026-01-29 17:37:21,145 | INFO | 🔌 Disconnected from MongoDB
2026-01-29 17:41:53,318 | INFO | ✅ Connected to MongoDB: semsai
2026-01-29 17:41:54,054 | INFO | 📂 Loaded progress from developer_progress.json
2026-01-29 17:42:02,276 | INFO | 🚀 Initializing browser...
2026-01-29 17:42:05,521 | INFO | ✅ Browser initialized (UA: Mozilla/5.0 (Macintosh; Intel Mac OS X 10_15_7) Ap...)
2026-01-29 17:42:05,522 | INFO | [1/454] Scraping: https://www.nawy.com/developer/121-121-sky-ad-developments
2026-01-29 17:42:05,524 | INFO | 📄 Navigating to: https://www.nawy.com/developer/121-121-sky-ad-developments...
2026-01-29 17:42:31,434 | INFO |    ✅ Sky AD Developments
2026-01-29 17:42:31,591 | INFO | ➕ Inserted new developer: Sky AD Developments
2026-01-29 17:42:31,591 | INFO |    💾 Saved to MongoDB
2026-01-29 17:42:37,526 | INFO | [2/454] Scraping: https://www.nawy.com/developer/437-437-euphoria-group
2026-01-29 17:42:37,526 | INFO | 📄 Navigating to: https://www.nawy.com/developer/437-437-euphoria-group...
2026-01-29 17:42:54,334 | INFO |    ✅ Euphoria Group
2026-01-29 17:42:54,769 | INFO | ➕ Inserted new developer: Euphoria Group
2026-01-29 17:42:54,773 | INFO |    💾 Saved to MongoDB
2026-01-29 17:42:59,368 | INFO | [3/454] Scraping: https://www.nawy.com/developer/143-143-eg-towers-real-estate-development
2026-01-29 17:42:59,425 | INFO | 📄 Navigating to: https://www.nawy.com/developer/143-143-eg-towers-real-estate-development...
2026-01-29 17:43:25,520 | INFO |    ✅ EG Towers Real Estate Development
2026-01-29 17:43:25,655 | INFO | ➕ Inserted new developer: EG Towers Real Estate Development
2026-01-29 17:43:25,655 | INFO |    💾 Saved to MongoDB
2026-01-29 17:43:28,741 | INFO | [4/454] Scraping: https://www.nawy.com/developer/252-252-amer-group
2026-01-29 17:43:28,803 | INFO | 📄 Navigating to: https://www.nawy.com/developer/252-252-amer-group...
2026-01-29 17:43:50,861 | INFO |    ✅ Amer Group
2026-01-29 17:43:51,010 | INFO | ➕ Inserted new developer: Amer Group
2026-01-29 17:43:51,010 | INFO |    💾 Saved to MongoDB
2026-01-29 17:43:54,059 | INFO | [5/454] Scraping: https://www.nawy.com/developer/290-290-ocean-blue-group
2026-01-29 17:43:54,078 | INFO | 📄 Navigating to: https://www.nawy.com/developer/290-290-ocean-blue-group...
2026-01-29 17:44:08,835 | INFO |    ✅ Ocean Blue Group
2026-01-29 17:44:09,014 | INFO | ➕ Inserted new developer: Ocean Blue Group
2026-01-29 17:44:09,108 | INFO |    💾 Saved to MongoDB
2026-01-29 17:44:13,652 | INFO | [6/454] Scraping: https://www.nawy.com/developer/502-502-levels-developments
2026-01-29 17:44:13,654 | INFO | 📄 Navigating to: https://www.nawy.com/developer/502-502-levels-developments...
2026-01-29 17:44:26,890 | INFO |    ✅ Levels Developments
2026-01-29 17:44:27,114 | INFO | ➕ Inserted new developer: Levels Developments
2026-01-29 17:44:27,125 | INFO |    💾 Saved to MongoDB
2026-01-29 17:44:32,791 | INFO | [7/454] Scraping: https://www.nawy.com/developer/254-254-serac-developments
2026-01-29 17:44:32,806 | INFO | 📄 Navigating to: https://www.nawy.com/developer/254-254-serac-developments...
2026-01-29 17:44:46,755 | INFO |    ✅ SERAC Developments
2026-01-29 17:44:46,905 | INFO | ➕ Inserted new developer: SERAC Developments
2026-01-29 17:44:46,905 | INFO |    💾 Saved to MongoDB
2026-01-29 17:44:52,075 | INFO | [8/454] Scraping: https://www.nawy.com/developer/181-181-location-developments
2026-01-29 17:44:52,075 | INFO | 📄 Navigating to: https://www.nawy.com/developer/181-181-location-developments...
2026-01-29 17:45:22,203 | ERROR | ❌ Navigation error (attempt 1): Timeout 30000ms exceeded.
2026-01-29 17:45:22,203 | INFO | ⏳ Retrying in 3.6s...
2026-01-29 17:45:25,785 | INFO | 📄 Navigating to: https://www.nawy.com/developer/181-181-location-developments...
2026-01-29 17:45:55,916 | ERROR | ❌ Navigation error (attempt 2): Timeout 30000ms exceeded.
2026-01-29 17:45:55,917 | INFO | ⏳ Retrying in 3.5s...
2026-01-29 17:45:59,409 | INFO | 📄 Navigating to: https://www.nawy.com/developer/181-181-location-developments...
2026-01-29 17:46:29,534 | ERROR | ❌ Navigation error (attempt 3): Timeout 30000ms exceeded.
2026-01-29 17:46:29,535 | WARNING |    ❌ Failed to scrape
2026-01-29 17:46:33,253 | INFO | [9/454] Scraping: https://www.nawy.com/developer/111-111-pre-developments
2026-01-29 17:46:33,265 | INFO | 📄 Navigating to: https://www.nawy.com/developer/111-111-pre-developments...
2026-01-29 17:47:03,393 | ERROR | ❌ Navigation error (attempt 1): Timeout 30000ms exceeded.
2026-01-29 17:47:03,394 | INFO | ⏳ Retrying in 3.4s...
2026-01-29 17:47:06,798 | INFO | 📄 Navigating to: https://www.nawy.com/developer/111-111-pre-developments...
2026-01-29 17:47:36,915 | ERROR | ❌ Navigation error (attempt 2): Timeout 30000ms exceeded.
2026-01-29 17:47:36,917 | INFO | ⏳ Retrying in 3.1s...
2026-01-29 17:47:40,029 | INFO | 📄 Navigating to: https://www.nawy.com/developer/111-111-pre-developments...
2026-01-29 17:47:47,168 | INFO |    ✅ PRE Developments
2026-01-29 17:47:47,318 | INFO | ➕ Inserted new developer: PRE Developments
2026-01-29 17:47:47,319 | INFO |    💾 Saved to MongoDB
2026-01-29 17:47:53,069 | INFO | [10/454] Scraping: https://www.nawy.com/developer/205-205-verdura
2026-01-29 17:47:53,070 | INFO | 📄 Navigating to: https://www.nawy.com/developer/205-205-verdura...
2026-01-29 17:48:14,807 | INFO |    ✅ Verdura
2026-01-29 17:48:14,934 | INFO | ➕ Inserted new developer: Verdura
2026-01-29 17:48:14,936 | INFO |    💾 Saved to MongoDB
2026-01-29 17:48:20,323 | INFO | [11/454] Scraping: https://www.nawy.com/developer/174-174-arkan-palm-development
2026-01-29 17:48:20,324 | INFO | 📄 Navigating to: https://www.nawy.com/developer/174-174-arkan-palm-development...
2026-01-29 17:48:50,442 | ERROR | ❌ Navigation error (attempt 1): Timeout 30000ms exceeded.
2026-01-29 17:48:50,457 | INFO | ⏳ Retrying in 2.4s...
2026-01-29 17:48:52,884 | INFO | 📄 Navigating to: https://www.nawy.com/developer/174-174-arkan-palm-development...
2026-01-29 17:49:23,021 | ERROR | ❌ Navigation error (attempt 2): Timeout 30000ms exceeded.
2026-01-29 17:49:23,030 | INFO | ⏳ Retrying in 3.1s...
2026-01-29 17:49:26,187 | INFO | 📄 Navigating to: https://www.nawy.com/developer/174-174-arkan-palm-development...
2026-01-29 17:49:56,306 | ERROR | ❌ Navigation error (attempt 3): Timeout 30000ms exceeded.
2026-01-29 17:49:56,306 | WARNING |    ❌ Failed to scrape
2026-01-29 17:49:59,419 | INFO | [12/454] Scraping: https://www.nawy.com/developer/318-318-el-wadi-for-investment
2026-01-29 17:49:59,419 | INFO | 📄 Navigating to: https://www.nawy.com/developer/318-318-el-wadi-for-investment...
2026-01-29 17:50:29,534 | ERROR | ❌ Navigation error (attempt 1): Timeout 30000ms exceeded.
2026-01-29 17:50:29,535 | INFO | ⏳ Retrying in 2.6s...
2026-01-29 17:50:32,185 | INFO | 📄 Navigating to: https://www.nawy.com/developer/318-318-el-wadi-for-investment...
2026-01-29 17:51:02,313 | ERROR | ❌ Navigation error (attempt 2): Timeout 30000ms exceeded.
2026-01-29 17:51:02,387 | INFO | ⏳ Retrying in 3.4s...
2026-01-29 17:51:05,840 | INFO | 📄 Navigating to: https://www.nawy.com/developer/318-318-el-wadi-for-investment...
2026-01-29 17:51:17,924 | INFO |    ✅ El Wadi For Investment
2026-01-29 17:51:18,060 | INFO | ➕ Inserted new developer: El Wadi For Investment
2026-01-29 17:51:18,061 | INFO |    💾 Saved to MongoDB
2026-01-29 17:51:23,685 | INFO | [13/454] Scraping: https://www.nawy.com/developer/300-300-al-rabat-developments
2026-01-29 17:51:23,727 | INFO | 📄 Navigating to: https://www.nawy.com/developer/300-300-al-rabat-developments...
2026-01-29 17:51:40,477 | INFO |    ✅ Al Rabat Developments
2026-01-29 17:51:40,642 | INFO | ➕ Inserted new developer: Al Rabat Developments
2026-01-29 17:51:40,647 | INFO |    💾 Saved to MongoDB
2026-01-29 17:51:45,631 | INFO | [14/454] Scraping: https://www.nawy.com/developer/368-368-el-batal-developments
2026-01-29 17:51:45,632 | INFO | 📄 Navigating to: https://www.nawy.com/developer/368-368-el-batal-developments...
2026-01-29 17:52:15,762 | ERROR | ❌ Navigation error (attempt 1): Timeout 30000ms exceeded.
2026-01-29 17:52:15,763 | INFO | ⏳ Retrying in 3.2s...
2026-01-29 17:52:18,977 | INFO | 📄 Navigating to: https://www.nawy.com/developer/368-368-el-batal-developments...
2026-01-29 17:52:28,050 | INFO |    ✅ El Batal Developments
2026-01-29 17:52:28,193 | INFO | ➕ Inserted new developer: El Batal Developments
2026-01-29 17:52:28,194 | INFO |    💾 Saved to MongoDB
2026-01-29 17:52:32,808 | INFO | [15/454] Scraping: https://www.nawy.com/developer/330-330-al-baron-developments
2026-01-29 17:52:32,809 | INFO | 📄 Navigating to: https://www.nawy.com/developer/330-330-al-baron-developments...
2026-01-29 17:52:45,949 | INFO |    ✅ Al Baron Developments
2026-01-29 17:52:46,088 | INFO | ➕ Inserted new developer: Al Baron Developments
2026-01-29 17:52:46,089 | INFO |    💾 Saved to MongoDB
2026-01-29 17:52:51,627 | INFO | [16/454] Scraping: https://www.nawy.com/developer/109-109-el-attal-holding
2026-01-29 17:52:51,627 | INFO | 📄 Navigating to: https://www.nawy.com/developer/109-109-el-attal-holding...
2026-01-29 17:53:21,743 | ERROR | ❌ Navigation error (attempt 1): Timeout 30000ms exceeded.
2026-01-29 17:53:21,755 | INFO | ⏳ Retrying in 3.2s...
2026-01-29 17:53:25,019 | INFO | 📄 Navigating to: https://www.nawy.com/developer/109-109-el-attal-holding...
2026-01-29 17:53:55,135 | ERROR | ❌ Navigation error (attempt 2): Timeout 30000ms exceeded.
2026-01-29 17:53:55,135 | INFO | ⏳ Retrying in 3.5s...
2026-01-29 17:53:58,635 | INFO | 📄 Navigating to: https://www.nawy.com/developer/109-109-el-attal-holding...
2026-01-29 17:54:11,111 | INFO |    ✅ El Attal Holding
2026-01-29 17:54:11,500 | INFO | ➕ Inserted new developer: El Attal Holding
2026-01-29 17:54:11,512 | INFO |    💾 Saved to MongoDB
2026-01-29 17:54:17,122 | INFO | [17/454] Scraping: https://www.nawy.com/developer/423-423-ic-real-estate-development
2026-01-29 17:54:17,125 | INFO | 📄 Navigating to: https://www.nawy.com/developer/423-423-ic-real-estate-development...
2026-01-29 17:54:47,286 | ERROR | ❌ Navigation error (attempt 1): Timeout 30000ms exceeded.
2026-01-29 17:54:47,287 | INFO | ⏳ Retrying in 3.8s...
2026-01-29 17:54:51,080 | INFO | 📄 Navigating to: https://www.nawy.com/developer/423-423-ic-real-estate-development...
2026-01-29 17:55:04,993 | INFO |    ✅ IC Real Estate Development
2026-01-29 17:55:05,164 | INFO | ➕ Inserted new developer: IC Real Estate Development
2026-01-29 17:55:05,173 | INFO |    💾 Saved to MongoDB
2026-01-29 17:55:10,594 | INFO | [18/454] Scraping: https://www.nawy.com/developer/365-365-united-development-group
2026-01-29 17:55:10,595 | INFO | 📄 Navigating to: https://www.nawy.com/developer/365-365-united-development-group...
2026-01-29 17:55:40,712 | ERROR | ❌ Navigation error (attempt 1): Timeout 30000ms exceeded.
2026-01-29 17:55:40,713 | INFO | ⏳ Retrying in 2.5s...
2026-01-29 17:55:43,220 | INFO | 📄 Navigating to: https://www.nawy.com/developer/365-365-united-development-group...
2026-01-29 17:56:05,404 | INFO |    ✅ United Development Group
2026-01-29 17:56:05,544 | INFO | ➕ Inserted new developer: United Development Group
2026-01-29 17:56:05,545 | INFO |    💾 Saved to MongoDB
2026-01-29 17:56:11,177 | INFO | [19/454] Scraping: https://www.nawy.com/developer/12-12-somabay
2026-01-29 17:56:11,177 | INFO | 📄 Navigating to: https://www.nawy.com/developer/12-12-somabay...
2026-01-29 17:56:26,001 | INFO |    ✅ Somabay
2026-01-29 17:56:26,152 | INFO | ➕ Inserted new developer: Somabay
2026-01-29 17:56:26,153 | INFO |    💾 Saved to MongoDB
2026-01-29 17:56:31,235 | INFO | [20/454] Scraping: https://www.nawy.com/developer/128-128-khozam-developments
2026-01-29 17:56:31,237 | INFO | 📄 Navigating to: https://www.nawy.com/developer/128-128-khozam-developments...
2026-01-29 17:57:01,366 | ERROR | ❌ Navigation error (attempt 1): Timeout 30000ms exceeded.
2026-01-29 17:57:01,367 | INFO | ⏳ Retrying in 2.1s...
2026-01-29 17:57:03,525 | INFO | 📄 Navigating to: https://www.nawy.com/developer/128-128-khozam-developments...
2026-01-29 17:57:33,657 | ERROR | ❌ Navigation error (attempt 2): Timeout 30000ms exceeded.
2026-01-29 17:57:33,660 | INFO | ⏳ Retrying in 4.1s...
2026-01-29 17:57:37,786 | INFO | 📄 Navigating to: https://www.nawy.com/developer/128-128-khozam-developments...
2026-01-29 17:58:07,979 | ERROR | ❌ Navigation error (attempt 3): Timeout 30000ms exceeded.
2026-01-29 17:58:07,981 | WARNING |    ❌ Failed to scrape
2026-01-29 17:58:12,004 | INFO | [21/454] Scraping: https://www.nawy.com/developer/517-517-cubic-developments
2026-01-29 17:58:12,007 | INFO | 📄 Navigating to: https://www.nawy.com/developer/517-517-cubic-developments...
2026-01-29 17:58:32,123 | INFO |    ✅ Cubic Developments
2026-01-29 17:58:32,404 | INFO | ➕ Inserted new developer: Cubic Developments
2026-01-29 17:58:32,458 | INFO |    💾 Saved to MongoDB
2026-01-29 17:58:36,802 | INFO | [22/454] Scraping: https://www.nawy.com/developer/267-267-dar-el-maghraby
2026-01-29 17:58:36,802 | INFO | 📄 Navigating to: https://www.nawy.com/developer/267-267-dar-el-maghraby...
2026-01-29 17:59:06,930 | ERROR | ❌ Navigation error (attempt 1): Timeout 30000ms exceeded.
2026-01-29 17:59:06,931 | INFO | ⏳ Retrying in 3.6s...
2026-01-29 17:59:10,547 | INFO | 📄 Navigating to: https://www.nawy.com/developer/267-267-dar-el-maghraby...
2026-01-29 17:59:40,666 | ERROR | ❌ Navigation error (attempt 2): Timeout 30000ms exceeded.
2026-01-29 17:59:40,666 | INFO | ⏳ Retrying in 3.8s...
2026-01-29 17:59:44,472 | INFO | 📄 Navigating to: https://www.nawy.com/developer/267-267-dar-el-maghraby...
2026-01-29 18:00:14,596 | ERROR | ❌ Navigation error (attempt 3): Timeout 30000ms exceeded.
2026-01-29 18:00:14,597 | WARNING |    ❌ Failed to scrape
2026-01-29 18:00:19,795 | INFO | [23/454] Scraping: https://www.nawy.com/developer/257-257-make-place-developments
2026-01-29 18:00:19,796 | INFO | 📄 Navigating to: https://www.nawy.com/developer/257-257-make-place-developments...
2026-01-29 18:00:49,917 | ERROR | ❌ Navigation error (attempt 1): Timeout 30000ms exceeded.
2026-01-29 18:00:49,917 | INFO | ⏳ Retrying in 2.3s...
2026-01-29 18:00:52,227 | INFO | 📄 Navigating to: https://www.nawy.com/developer/257-257-make-place-developments...
2026-01-29 18:01:22,374 | ERROR | ❌ Navigation error (attempt 2): Timeout 30000ms exceeded.
2026-01-29 18:01:22,375 | INFO | ⏳ Retrying in 4.9s...
2026-01-29 18:01:27,284 | INFO | 📄 Navigating to: https://www.nawy.com/developer/257-257-make-place-developments...
2026-01-29 18:01:57,405 | ERROR | ❌ Navigation error (attempt 3): Timeout 30000ms exceeded.
2026-01-29 18:01:57,406 | WARNING |    ❌ Failed to scrape
2026-01-29 18:02:03,167 | INFO | [24/454] Scraping: https://www.nawy.com/developer/321-321-orouba-misr-development
2026-01-29 18:02:03,167 | INFO | 📄 Navigating to: https://www.nawy.com/developer/321-321-orouba-misr-development...
2026-01-29 18:02:33,279 | ERROR | ❌ Navigation error (attempt 1): Timeout 30000ms exceeded.
2026-01-29 18:02:33,280 | INFO | ⏳ Retrying in 2.0s...
2026-01-29 18:02:35,337 | INFO | 📄 Navigating to: https://www.nawy.com/developer/321-321-orouba-misr-development...
2026-01-29 18:03:05,460 | ERROR | ❌ Navigation error (attempt 2): Timeout 30000ms exceeded.
2026-01-29 18:03:05,460 | INFO | ⏳ Retrying in 4.6s...
2026-01-29 18:03:10,019 | INFO | 📄 Navigating to: https://www.nawy.com/developer/321-321-orouba-misr-development...
2026-01-29 18:03:23,489 | INFO |    ✅ Orouba Misr Development
2026-01-29 18:03:23,794 | INFO | ➕ Inserted new developer: Orouba Misr Development
2026-01-29 18:03:23,835 | INFO |    💾 Saved to MongoDB
2026-01-29 18:03:29,705 | INFO | [25/454] Scraping: https://www.nawy.com/developer/60-60-ardic-for-real-estate-development
2026-01-29 18:03:29,707 | INFO | 📄 Navigating to: https://www.nawy.com/developer/60-60-ardic-for-real-estate-development...
2026-01-29 18:03:53,204 | INFO |    ✅ ARDIC For Real Estate Development
2026-01-29 18:03:53,573 | INFO | ➕ Inserted new developer: ARDIC For Real Estate Development
2026-01-29 18:03:53,583 | INFO |    💾 Saved to MongoDB
2026-01-29 18:03:57,027 | INFO | [26/454] Scraping: https://www.nawy.com/developer/183-183-porto-group
2026-01-29 18:03:57,027 | INFO | 📄 Navigating to: https://www.nawy.com/developer/183-183-porto-group...
2026-01-29 18:04:27,155 | ERROR | ❌ Navigation error (attempt 1): Timeout 30000ms exceeded.
2026-01-29 18:04:27,156 | INFO | ⏳ Retrying in 3.2s...
2026-01-29 18:04:30,366 | INFO | 📄 Navigating to: https://www.nawy.com/developer/183-183-porto-group...
2026-01-29 18:05:00,495 | ERROR | ❌ Navigation error (attempt 2): Timeout 30000ms exceeded.
2026-01-29 18:05:00,496 | INFO | ⏳ Retrying in 3.6s...
2026-01-29 18:05:04,090 | INFO | 📄 Navigating to: https://www.nawy.com/developer/183-183-porto-group...
2026-01-29 18:05:34,216 | ERROR | ❌ Navigation error (attempt 3): Timeout 30000ms exceeded.
2026-01-29 18:05:34,217 | WARNING |    ❌ Failed to scrape
2026-01-29 18:05:37,758 | INFO | [27/454] Scraping: https://www.nawy.com/developer/34-34-karma-development-company
2026-01-29 18:05:37,759 | INFO | 📄 Navigating to: https://www.nawy.com/developer/34-34-karma-development-company...
2026-01-29 18:06:07,886 | ERROR | ❌ Navigation error (attempt 1): Timeout 30000ms exceeded.
2026-01-29 18:06:07,886 | INFO | ⏳ Retrying in 2.9s...
2026-01-29 18:06:10,770 | INFO | 📄 Navigating to: https://www.nawy.com/developer/34-34-karma-development-company...
2026-01-29 18:06:40,891 | ERROR | ❌ Navigation error (attempt 2): Timeout 30000ms exceeded.
2026-01-29 18:06:40,893 | INFO | ⏳ Retrying in 3.6s...
2026-01-29 18:06:44,476 | INFO | 📄 Navigating to: https://www.nawy.com/developer/34-34-karma-development-company...
2026-01-29 18:07:15,121 | INFO |    ✅ Karma Development  Company
2026-01-29 18:07:15,246 | INFO | ➕ Inserted new developer: Karma Development  Company
2026-01-29 18:07:15,247 | INFO |    💾 Saved to MongoDB
2026-01-29 18:07:21,065 | INFO | [28/454] Scraping: https://www.nawy.com/developer/14-14-erc-egyptian-resorts-company-
2026-01-29 18:07:21,065 | INFO | 📄 Navigating to: https://www.nawy.com/developer/14-14-erc-egyptian-resorts-company-...
2026-01-29 18:07:51,180 | ERROR | ❌ Navigation error (attempt 1): Timeout 30000ms exceeded.
2026-01-29 18:07:51,181 | INFO | ⏳ Retrying in 3.5s...
2026-01-29 18:07:54,681 | INFO | 📄 Navigating to: https://www.nawy.com/developer/14-14-erc-egyptian-resorts-company-...
2026-01-29 18:08:24,803 | ERROR | ❌ Navigation error (attempt 2): Timeout 30000ms exceeded.
2026-01-29 18:08:24,803 | INFO | ⏳ Retrying in 3.8s...
2026-01-29 18:08:28,595 | INFO | 📄 Navigating to: https://www.nawy.com/developer/14-14-erc-egyptian-resorts-company-...
2026-01-29 18:08:58,724 | ERROR | ❌ Navigation error (attempt 3): Timeout 30000ms exceeded.
2026-01-29 18:08:58,725 | WARNING |    ❌ Failed to scrape
2026-01-29 18:09:04,332 | INFO | [29/454] Scraping: https://www.nawy.com/developer/470-470-eagles-developments
2026-01-29 18:09:04,332 | INFO | 📄 Navigating to: https://www.nawy.com/developer/470-470-eagles-developments...
2026-01-29 18:09:34,459 | ERROR | ❌ Navigation error (attempt 1): Timeout 30000ms exceeded.
2026-01-29 18:09:34,459 | INFO | ⏳ Retrying in 2.2s...
2026-01-29 18:09:36,665 | INFO | 📄 Navigating to: https://www.nawy.com/developer/470-470-eagles-developments...
2026-01-29 18:10:06,785 | ERROR | ❌ Navigation error (attempt 2): Timeout 30000ms exceeded.
2026-01-29 18:10:06,786 | INFO | ⏳ Retrying in 3.8s...
2026-01-29 18:10:10,641 | INFO | 📄 Navigating to: https://www.nawy.com/developer/470-470-eagles-developments...
2026-01-29 18:10:40,777 | ERROR | ❌ Navigation error (attempt 3): Timeout 30000ms exceeded.
2026-01-29 18:10:40,778 | WARNING |    ❌ Failed to scrape
2026-01-29 18:10:45,715 | INFO | [30/454] Scraping: https://www.nawy.com/developer/396-396-elevations-development
2026-01-29 18:10:45,719 | INFO | 📄 Navigating to: https://www.nawy.com/developer/396-396-elevations-development...
2026-01-29 18:11:15,854 | ERROR | ❌ Navigation error (attempt 1): Timeout 30000ms exceeded.
2026-01-29 18:11:15,856 | INFO | ⏳ Retrying in 4.0s...
2026-01-29 18:11:19,838 | INFO | 📄 Navigating to: https://www.nawy.com/developer/396-396-elevations-development...
2026-01-29 18:11:49,963 | ERROR | ❌ Navigation error (attempt 2): Timeout 30000ms exceeded.
2026-01-29 18:11:49,963 | INFO | ⏳ Retrying in 4.7s...
2026-01-29 18:11:54,658 | INFO | 📄 Navigating to: https://www.nawy.com/developer/396-396-elevations-development...
2026-01-29 18:12:24,776 | ERROR | ❌ Navigation error (attempt 3): Timeout 30000ms exceeded.
2026-01-29 18:12:24,777 | WARNING |    ❌ Failed to scrape
2026-01-29 18:12:30,722 | INFO | [31/454] Scraping: https://www.nawy.com/developer/493-493-nama-al-khaleej-developments-fake
2026-01-29 18:12:30,723 | INFO | 📄 Navigating to: https://www.nawy.com/developer/493-493-nama-al-khaleej-developments-fake...
2026-01-29 18:13:00,841 | ERROR | ❌ Navigation error (attempt 1): Timeout 30000ms exceeded.
2026-01-29 18:13:00,841 | INFO | ⏳ Retrying in 3.5s...
2026-01-29 18:13:04,306 | INFO | 📄 Navigating to: https://www.nawy.com/developer/493-493-nama-al-khaleej-developments-fake...
2026-01-29 18:13:34,427 | ERROR | ❌ Navigation error (attempt 2): Timeout 30000ms exceeded.
2026-01-29 18:13:34,427 | INFO | ⏳ Retrying in 3.2s...
2026-01-29 18:13:37,686 | INFO | 📄 Navigating to: https://www.nawy.com/developer/493-493-nama-al-khaleej-developments-fake...
2026-01-29 18:14:07,803 | ERROR | ❌ Navigation error (attempt 3): Timeout 30000ms exceeded.
2026-01-29 18:14:07,804 | WARNING |    ❌ Failed to scrape
2026-01-29 18:14:12,177 | INFO | [32/454] Scraping: https://www.nawy.com/developer/369-369-style-home-development
2026-01-29 18:14:12,179 | INFO | 📄 Navigating to: https://www.nawy.com/developer/369-369-style-home-development...
2026-01-29 18:14:20,842 | INFO |    ✅ Style Home Development
2026-01-29 18:14:20,986 | INFO | ➕ Inserted new developer: Style Home Development
2026-01-29 18:14:20,987 | INFO |    💾 Saved to MongoDB
2026-01-29 18:14:26,540 | INFO | [33/454] Scraping: https://www.nawy.com/developer/364-364-novus-stanza-properties
2026-01-29 18:14:26,540 | INFO | 📄 Navigating to: https://www.nawy.com/developer/364-364-novus-stanza-properties...
2026-01-29 18:14:47,005 | INFO |    ✅ Novus Stanza Properties
2026-01-29 18:14:47,130 | INFO | ➕ Inserted new developer: Novus Stanza Properties
2026-01-29 18:14:47,133 | INFO |    💾 Saved to MongoDB
2026-01-29 18:14:51,705 | INFO | [34/454] Scraping: https://www.nawy.com/developer/214-214-grand-plaza-for-real-estate-and-touristic-development
2026-01-29 18:14:51,705 | INFO | 📄 Navigating to: https://www.nawy.com/developer/214-214-grand-plaza-for-real-estate-and-touristic...
2026-01-29 18:15:21,844 | ERROR | ❌ Navigation error (attempt 1): Timeout 30000ms exceeded.
2026-01-29 18:15:21,845 | INFO | ⏳ Retrying in 2.6s...
2026-01-29 18:15:24,449 | INFO | 📄 Navigating to: https://www.nawy.com/developer/214-214-grand-plaza-for-real-estate-and-touristic...
2026-01-29 18:15:54,579 | ERROR | ❌ Navigation error (attempt 2): Timeout 30000ms exceeded.
2026-01-29 18:15:54,581 | INFO | ⏳ Retrying in 4.3s...
2026-01-29 18:15:58,928 | INFO | 📄 Navigating to: https://www.nawy.com/developer/214-214-grand-plaza-for-real-estate-and-touristic...
2026-01-29 18:16:30,389 | INFO |    ✅ Grand Plaza For Real estate and Touristic Development
2026-01-29 18:16:30,521 | INFO | ➕ Inserted new developer: Grand Plaza For Real estate and Touristic Development
2026-01-29 18:16:30,521 | INFO |    💾 Saved to MongoDB
2026-01-29 18:16:35,244 | INFO | [35/454] Scraping: https://www.nawy.com/developer/384-384-gv-developments
2026-01-29 18:16:35,245 | INFO | 📄 Navigating to: https://www.nawy.com/developer/384-384-gv-developments...
2026-01-29 18:17:05,363 | ERROR | ❌ Navigation error (attempt 1): Timeout 30000ms exceeded.
2026-01-29 18:17:05,364 | INFO | ⏳ Retrying in 3.8s...
2026-01-29 18:17:09,208 | INFO | 📄 Navigating to: https://www.nawy.com/developer/384-384-gv-developments...
2026-01-29 18:17:40,098 | INFO |    ✅ GV developments
2026-01-29 18:17:40,226 | INFO | ➕ Inserted new developer: GV developments
2026-01-29 18:17:40,229 | INFO |    💾 Saved to MongoDB
2026-01-29 18:17:45,811 | INFO | [36/454] Scraping: https://www.nawy.com/developer/134-134-ramatan-developments
2026-01-29 18:17:45,812 | INFO | 📄 Navigating to: https://www.nawy.com/developer/134-134-ramatan-developments...
2026-01-29 18:18:15,926 | ERROR | ❌ Navigation error (attempt 1): Timeout 30000ms exceeded.
2026-01-29 18:18:15,926 | INFO | ⏳ Retrying in 3.2s...
2026-01-29 18:18:19,125 | INFO | 📄 Navigating to: https://www.nawy.com/developer/134-134-ramatan-developments...
2026-01-29 18:18:49,245 | ERROR | ❌ Navigation error (attempt 2): Timeout 30000ms exceeded.
2026-01-29 18:18:49,247 | INFO | ⏳ Retrying in 3.6s...
2026-01-29 18:18:52,807 | INFO | 📄 Navigating to: https://www.nawy.com/developer/134-134-ramatan-developments...
2026-01-29 18:19:22,935 | ERROR | ❌ Navigation error (attempt 3): Timeout 30000ms exceeded.
2026-01-29 18:19:22,938 | WARNING |    ❌ Failed to scrape
2026-01-29 18:19:26,713 | INFO | [37/454] Scraping: https://www.nawy.com/developer/279-279-concord-real-estate-development-and-construction-industries-group
2026-01-29 18:19:26,713 | INFO | 📄 Navigating to: https://www.nawy.com/developer/279-279-concord-real-estate-development-and-const...
2026-01-29 18:19:56,842 | ERROR | ❌ Navigation error (attempt 1): Timeout 30000ms exceeded.
2026-01-29 18:19:56,843 | INFO | ⏳ Retrying in 3.7s...
2026-01-29 18:20:00,587 | INFO | 📄 Navigating to: https://www.nawy.com/developer/279-279-concord-real-estate-development-and-const...
2026-01-29 18:20:30,729 | ERROR | ❌ Navigation error (attempt 2): Timeout 30000ms exceeded.
2026-01-29 18:20:30,730 | INFO | ⏳ Retrying in 4.8s...
2026-01-29 18:20:35,486 | INFO | 📄 Navigating to: https://www.nawy.com/developer/279-279-concord-real-estate-development-and-const...
2026-01-29 18:21:05,831 | ERROR | ❌ Navigation error (attempt 3): Timeout 30000ms exceeded.
2026-01-29 18:21:05,849 | WARNING |    ❌ Failed to scrape
2026-01-29 18:21:11,310 | INFO | [38/454] Scraping: https://www.nawy.com/developer/67-67-tameer
2026-01-29 18:21:11,562 | INFO | 📄 Navigating to: https://www.nawy.com/developer/67-67-tameer...
2026-01-29 18:21:41,799 | ERROR | ❌ Navigation error (attempt 1): Timeout 30000ms exceeded.
2026-01-29 18:21:41,863 | INFO | ⏳ Retrying in 2.4s...
2026-01-29 18:21:44,644 | INFO | 📄 Navigating to: https://www.nawy.com/developer/67-67-tameer...
2026-01-29 18:21:59,194 | INFO |    ✅ Tameer
2026-01-29 18:21:59,419 | INFO | ➕ Inserted new developer: Tameer
2026-01-29 18:21:59,441 | INFO |    💾 Saved to MongoDB
2026-01-29 18:22:02,768 | INFO | [39/454] Scraping: https://www.nawy.com/developer/511-511-district-4-developments
2026-01-29 18:22:02,865 | INFO | 📄 Navigating to: https://www.nawy.com/developer/511-511-district-4-developments...
2026-01-29 18:22:18,937 | INFO |    ✅ District 4 Developments
2026-01-29 18:22:19,350 | INFO | ➕ Inserted new developer: District 4 Developments
2026-01-29 18:22:19,451 | INFO |    💾 Saved to MongoDB
2026-01-29 18:22:25,103 | INFO | [40/454] Scraping: https://www.nawy.com/developer/375-375-dal-developments
2026-01-29 18:22:25,171 | INFO | 📄 Navigating to: https://www.nawy.com/developer/375-375-dal-developments...
2026-01-29 18:22:42,723 | INFO |    ✅ DAL Developments
2026-01-29 18:22:42,895 | INFO | ➕ Inserted new developer: DAL Developments
2026-01-29 18:22:42,901 | INFO |    💾 Saved to MongoDB
2026-01-29 18:22:48,184 | INFO | [41/454] Scraping: https://www.nawy.com/developer/49-49-royal-meadows
2026-01-29 18:22:48,452 | INFO | 📄 Navigating to: https://www.nawy.com/developer/49-49-royal-meadows...
2026-01-29 18:22:57,812 | ERROR | Error
Traceback (most recent call last):
  File "E:\StudioProjects\SemsAi\nawy-scraper\scrape_developers_smart.py", line 449, in scrape_missing_developers
    dev_data = await scraper.scrape_developer_detail(url)
               ^^^^^^^^^^^^^^^^^^^^^^^^^^^^^^^^^^^^^^^^^^
  File "E:\StudioProjects\SemsAi\nawy-scraper\scrape_developers_smart.py", line 201, in scrape_developer_detail
    if not await self.safe_goto(url):
           ^^^^^^^^^^^^^^^^^^^^^^^^^
  File "E:\StudioProjects\SemsAi\nawy-scraper\scrapers\base_scraper.py", line 148, in safe_goto
    response = await self.page.goto(
               ^^^^^^^^^^^^^^^^^^^^^
  File "C:\Users\Youssef\AppData\Roaming\Python\Python312\site-packages\playwright\async_api\_generated.py", line 9260, in goto
    await self._impl_obj.goto(
  File "C:\Users\Youssef\AppData\Roaming\Python\Python312\site-packages\playwright\_impl\_page.py", line 475, in goto
    return await self._main_frame.goto(**locals_to_params(locals()))
           ^^^^^^^^^^^^^^^^^^^^^^^^^^^^^^^^^^^^^^^^^^^^^^^^^^^^^^^^^
  File "C:\Users\Youssef\AppData\Roaming\Python\Python312\site-packages\playwright\_impl\_frame.py", line 139, in goto
    await self._channel.send("goto", locals_to_params(locals()))
  File "C:\Users\Youssef\AppData\Roaming\Python\Python312\site-packages\playwright\_impl\_connection.py", line 62, in send
    return await self._connection.wrap_api_call(
           ^^^^^^^^^^^^^^^^^^^^^^^^^^^^^^^^^^^^^
  File "C:\Users\Youssef\AppData\Roaming\Python\Python312\site-packages\playwright\_impl\_connection.py", line 492, in wrap_api_call
    return await cb()
           ^^^^^^^^^^
  File "C:\Users\Youssef\AppData\Roaming\Python\Python312\site-packages\playwright\_impl\_connection.py", line 91, in inner_send
    done, _ = await asyncio.wait(
              ^^^^^^^^^^^^^^^^^^^
  File "C:\Program Files\Python312\Lib\asyncio\tasks.py", line 464, in wait
    return await _wait(fs, timeout, return_when, loop)
           ^^^^^^^^^^^^^^^^^^^^^^^^^^^^^^^^^^^^^^^^^^^
  File "C:\Program Files\Python312\Lib\asyncio\tasks.py", line 550, in _wait
    await waiter
asyncio.exceptions.CancelledError

During handling of the above exception, another exception occurred:

Traceback (most recent call last):
  File "E:\StudioProjects\SemsAi\nawy-scraper\scrape_developers_smart.py", line 526, in main
    developers = asyncio.run(scrape_missing_developers())
                 ^^^^^^^^^^^^^^^^^^^^^^^^^^^^^^^^^^^^^^^^
  File "C:\Program Files\Python312\Lib\asyncio\runners.py", line 194, in run
    return runner.run(main)
           ^^^^^^^^^^^^^^^^
  File "C:\Program Files\Python312\Lib\asyncio\runners.py", line 118, in run
    return self._loop.run_until_complete(task)
           ^^^^^^^^^^^^^^^^^^^^^^^^^^^^^^^^^^^
  File "C:\Program Files\Python312\Lib\asyncio\base_events.py", line 687, in run_until_complete
    return future.result()
           ^^^^^^^^^^^^^^^
  File "E:\StudioProjects\SemsAi\nawy-scraper\scrape_developers_smart.py", line 489, in scrape_missing_developers
    await scraper.close()
  File "E:\StudioProjects\SemsAi\nawy-scraper\scrapers\base_scraper.py", line 107, in close
    await self.context.close()
  File "C:\Users\Youssef\AppData\Roaming\Python\Python312\site-packages\playwright\async_api\_generated.py", line 13758, in close
    return mapping.from_maybe_impl(await self._impl_obj.close(reason=reason))
                                   ^^^^^^^^^^^^^^^^^^^^^^^^^^^^^^^^^^^^^^^^^
  File "C:\Users\Youssef\AppData\Roaming\Python\Python312\site-packages\playwright\_impl\_browser_context.py", line 485, in close
    await self._channel.send("close", filter_none({"reason": reason}))
  File "C:\Users\Youssef\AppData\Roaming\Python\Python312\site-packages\playwright\_impl\_connection.py", line 62, in send
    return await self._connection.wrap_api_call(
           ^^^^^^^^^^^^^^^^^^^^^^^^^^^^^^^^^^^^^
  File "C:\Users\Youssef\AppData\Roaming\Python\Python312\site-packages\playwright\_impl\_connection.py", line 492, in wrap_api_call
    return await cb()
           ^^^^^^^^^^
  File "C:\Users\Youssef\AppData\Roaming\Python\Python312\site-packages\playwright\_impl\_connection.py", line 100, in inner_send
    result = next(iter(done)).result()
             ^^^^^^^^^^^^^^^^^^^^^^^^^
playwright._impl._errors.TargetClosedError: Target page, context or browser has been closed
Browser logs:

<launching> C:\Users\Youssef\AppData\Local\ms-playwright\chromium-1091\chrome-win\chrome.exe --disable-field-trial-config --disable-background-networking --enable-features=NetworkService,NetworkServiceInProcess --disable-background-timer-throttling --disable-backgrounding-occluded-windows --disable-back-forward-cache --disable-breakpad --disable-client-side-phishing-detection --disable-component-extensions-with-background-pages --disable-component-update --no-default-browser-check --disable-default-apps --disable-dev-shm-usage --disable-extensions --disable-features=ImprovedCookieControls,LazyFrameLoading,GlobalMediaControls,DestroyProfileOnBrowserClose,MediaRouter,DialMediaRouteProvider,AcceptCHFrame,AutoExpandDetailsElement,CertificateTransparencyComponentUpdater,AvoidUnnecessaryBeforeUnloadCheckSync,Translate,HttpsUpgrades --allow-pre-commit-input --disable-hang-monitor --disable-ipc-flooding-protection --disable-popup-blocking --disable-prompt-on-repost --disable-renderer-backgrounding --force-color-profile=srgb --metrics-recording-only --no-first-run --enable-automation --password-store=basic --use-mock-keychain --no-service-autorun --export-tagged-pdf --disable-search-engine-choice-screen --headless --hide-scrollbars --mute-audio --blink-settings=primaryHoverType=2,availableHoverTypes=2,primaryPointerType=4,availablePointerTypes=4 --no-sandbox --disable-blink-features=AutomationControlled --disable-dev-shm-usage --no-sandbox --disable-setuid-sandbox --disable-web-security --disable-features=IsolateOrigins,site-per-process --user-data-dir=E:\Temp\playwright_chromiumdev_profile-x7Gtp4 --remote-debugging-pipe --no-startup-window
<launched> pid=16544
[pid=16544] <gracefully close start>
2026-01-29 18:22:58,380 | INFO | 🔌 Disconnected from MongoDB
2026-01-29 18:23:01,325 | ERROR | Future exception was never retrieved
future: <Future finished exception=TargetClosedError('Target page, context or browser has been closed')>
playwright._impl._errors.TargetClosedError: Target page, context or browser has been closed
2026-01-29 18:23:33,921 | INFO | ✅ Connected to MongoDB: semsai
2026-01-29 18:23:34,891 | INFO | 📂 Loaded progress from developer_progress.json
2026-01-29 18:23:45,100 | INFO | 🚀 Initializing browser...
2026-01-29 18:23:51,787 | INFO | 🔌 Disconnected from MongoDB
