2026-01-30 22:20:21,399 | INFO | ✅ Connected to MongoDB: semsai
2026-01-30 22:20:25,665 | ERROR | Error
Traceback (most recent call last):
  File "E:\StudioProjects\SemsAi\nawy-scraper\scrape_units_smart.py", line 604, in main
    stats = asyncio.run(scrape_all_units())
            ^^^^^^^^^^^^^^^^^^^^^^^^^^^^^^^
  File "C:\Program Files\Python312\Lib\asyncio\runners.py", line 194, in run
    return runner.run(main)
           ^^^^^^^^^^^^^^^^
  File "C:\Program Files\Python312\Lib\asyncio\runners.py", line 118, in run
    return self._loop.run_until_complete(task)
           ^^^^^^^^^^^^^^^^^^^^^^^^^^^^^^^^^^^
  File "C:\Program Files\Python312\Lib\asyncio\base_events.py", line 687, in run_until_complete
    return future.result()
           ^^^^^^^^^^^^^^^
  File "E:\StudioProjects\SemsAi\nawy-scraper\scrape_units_smart.py", line 471, in scrape_all_units
    scraper.build_compound_lookup()
  File "E:\StudioProjects\SemsAi\nawy-scraper\scrape_units_smart.py", line 103, in build_compound_lookup
    name = compound.get('name', '').lower().strip()
           ^^^^^^^^^^^^^^^^^^^^^^^^^^^^^^
AttributeError: 'NoneType' object has no attribute 'lower'
2026-01-30 22:20:25,764 | INFO | 🔌 Disconnected from MongoDB
2026-01-30 22:22:21,248 | INFO | ✅ Connected to MongoDB: semsai
2026-01-30 22:22:27,182 | INFO | 🚀 Initializing browser...
2026-01-30 22:22:35,725 | INFO | ✅ Browser initialized (UA: Mozilla/5.0 (Macintosh; Intel Mac OS X 10_15_7) Ap...)
2026-01-30 22:22:35,725 | INFO | 📄 Page 1/1737
2026-01-30 22:22:35,726 | INFO | 📄 Navigating to: https://www.nawy.com/search?category=property&page_number=1...
2026-01-30 22:22:50,453 | INFO |    Found 21 units on page
2026-01-30 22:22:50,454 | INFO |    [1/21] Scraping: https://www.nawy.com/compound/405-marseilia-beach-3/property/53850-villa-for-sal...
2026-01-30 22:22:50,456 | INFO | 📄 Navigating to: https://www.nawy.com/compound/405-marseilia-beach-3/property/53850-villa-for-sal...
2026-01-30 22:23:04,519 | INFO | ➕ Inserted new unit: Villa for sale in Marseilia Beach 3
2026-01-30 22:23:04,520 | INFO |       ✅ Villa for sale in Marseilia Beach 3
2026-01-30 22:23:08,247 | INFO |    [2/21] Scraping: https://www.nawy.com/compound/1252-code/property/87915-Office-for-sale-in-Code-w...
2026-01-30 22:23:08,247 | INFO | 📄 Navigating to: https://www.nawy.com/compound/1252-code/property/87915-Office-for-sale-in-Code-w...
2026-01-30 22:23:16,989 | INFO | ➕ Inserted new unit: Office for sale in Code in New Capital City by Jad
2026-01-30 22:23:16,990 | INFO |       ✅ Office for sale in Code in New Capital City by Jad
2026-01-30 22:23:21,540 | INFO |    [3/21] Scraping: https://www.nawy.com/compound/776-marina-1/property/39193-villa-for-sale-in-mari...
2026-01-30 22:23:21,540 | INFO | 📄 Navigating to: https://www.nawy.com/compound/776-marina-1/property/39193-villa-for-sale-in-mari...
2026-01-30 22:23:30,130 | INFO | ➕ Inserted new unit: Villa For Sale In Marina 2 North Coast
2026-01-30 22:23:30,130 | INFO |       ✅ Villa For Sale In Marina 2 North Coast
2026-01-30 22:23:35,188 | INFO |    [4/21] Scraping: https://www.nawy.com/compound/189-zizinia-gardens/property/16177-zizinia-new-cai...
2026-01-30 22:23:35,189 | INFO | 📄 Navigating to: https://www.nawy.com/compound/189-zizinia-gardens/property/16177-zizinia-new-cai...
2026-01-30 22:23:56,359 | INFO | ➕ Inserted new unit: Villa for sale in Zizinia
2026-01-30 22:23:56,360 | INFO |       ✅ Villa for sale in Zizinia
2026-01-30 22:24:01,287 | INFO |    [5/21] Scraping: https://www.nawy.com/compound/1620-suite-hub/property/85252-serviced-apartment-f...
2026-01-30 22:24:01,289 | INFO | 📄 Navigating to: https://www.nawy.com/compound/1620-suite-hub/property/85252-serviced-apartment-f...
2026-01-30 22:24:13,471 | INFO | ➕ Inserted new unit: Serviced Studio for sale in Suite Hub by Radix Dev
2026-01-30 22:24:13,472 | INFO |       ✅ Serviced Studio for sale in Suite Hub by Radix Dev
2026-01-30 22:24:19,392 | INFO |    [6/21] Scraping: https://www.nawy.com/compound/1793-hyde-park-signature/property/103194-Twinhouse...
2026-01-30 22:24:19,392 | INFO | 📄 Navigating to: https://www.nawy.com/compound/1793-hyde-park-signature/property/103194-Twinhouse...
2026-01-30 22:24:35,365 | INFO | ➕ Inserted new unit: Twinhouse for sale in Hyde Park Signature with 4 b
2026-01-30 22:24:35,366 | INFO |       ✅ Twinhouse for sale in Hyde Park Signature with 4 b
2026-01-30 22:24:39,579 | INFO |    [7/21] Scraping: https://www.nawy.com/compound/1793-hyde-park-signature/property/113874-apartment...
2026-01-30 22:24:39,579 | INFO | 📄 Navigating to: https://www.nawy.com/compound/1793-hyde-park-signature/property/113874-apartment...
2026-01-30 22:24:52,884 | INFO | ➕ Inserted new unit: Apartment Typical Apartment 3 Bedrooms for sale in
2026-01-30 22:24:52,885 | INFO |       ✅ Apartment Typical Apartment 3 Bedrooms for sale in
2026-01-30 22:24:56,226 | INFO |    [8/21] Scraping: https://www.nawy.com/compound/1391-scenes/property/95637-townhouse-for-sale-in-b...
2026-01-30 22:24:56,229 | INFO | 📄 Navigating to: https://www.nawy.com/compound/1391-scenes/property/95637-townhouse-for-sale-in-b...
2026-01-30 22:25:08,489 | INFO | ➕ Inserted new unit: Townhouse for sale in Scenes
2026-01-30 22:25:08,490 | INFO |       ✅ Townhouse for sale in Scenes
2026-01-30 22:25:11,534 | INFO |    [9/21] Scraping: https://www.nawy.com/compound/1793-hyde-park-signature/property/113873-apartment...
2026-01-30 22:25:11,534 | INFO | 📄 Navigating to: https://www.nawy.com/compound/1793-hyde-park-signature/property/113873-apartment...
2026-01-30 22:25:25,960 | INFO | ➕ Inserted new unit: Apartment Typical Apartment 3 Bedrooms for sale in
2026-01-30 22:25:25,962 | INFO |       ✅ Apartment Typical Apartment 3 Bedrooms for sale in
2026-01-30 22:25:31,553 | INFO |    [10/21] Scraping: https://www.nawy.com/compound/924-oak-residences-stone-park/property/98244-Apart...
2026-01-30 22:25:31,556 | INFO | 📄 Navigating to: https://www.nawy.com/compound/924-oak-residences-stone-park/property/98244-Apart...
2026-01-30 22:25:45,259 | INFO | ➕ Inserted new unit: Apartment for sale in Oak Residences-Stone Park wi
2026-01-30 22:25:45,260 | INFO |       ✅ Apartment for sale in Oak Residences-Stone Park wi
2026-01-30 22:25:50,186 | INFO |    [11/21] Scraping: https://www.nawy.com/compound/972-the-wonder-marq/property/64956-villa-for-sale-...
2026-01-30 22:25:50,186 | INFO | 📄 Navigating to: https://www.nawy.com/compound/972-the-wonder-marq/property/64956-villa-for-sale-...
2026-01-30 22:26:00,344 | INFO | ➕ Inserted new unit: Villa for sale in The Wonder Marq
2026-01-30 22:26:00,344 | INFO |       ✅ Villa for sale in The Wonder Marq
2026-01-30 22:26:05,639 | INFO |    [12/21] Scraping: https://www.nawy.com/compound/939-telal-east/property/56032-sky-villa-for-sale-i...
2026-01-30 22:26:05,641 | INFO | 📄 Navigating to: https://www.nawy.com/compound/939-telal-east/property/56032-sky-villa-for-sale-i...
2026-01-30 22:26:17,713 | INFO | ➕ Inserted new unit: Sky Villa for sale in Telal East New Cairo
2026-01-30 22:26:17,723 | INFO |       ✅ Sky Villa for sale in Telal East New Cairo
2026-01-30 22:26:22,853 | INFO |    [13/21] Scraping: https://www.nawy.com/compound/711-green-5/property/14527-green-5-sheikh-zayed-ap...
2026-01-30 22:26:22,854 | INFO | 📄 Navigating to: https://www.nawy.com/compound/711-green-5/property/14527-green-5-sheikh-zayed-ap...
2026-01-30 22:26:35,015 | INFO | ➕ Inserted new unit: Green 5, Sheikh Zayed - Apartment 4 bedrooms - For
2026-01-30 22:26:35,018 | INFO |       ✅ Green 5, Sheikh Zayed - Apartment 4 bedrooms - For
2026-01-30 22:26:39,486 | INFO |    [14/21] Scraping: https://www.nawy.com/compound/3-new-giza/property/76624-serviced-apartment-for-s...
2026-01-30 22:26:39,486 | INFO | 📄 Navigating to: https://www.nawy.com/compound/3-new-giza/property/76624-serviced-apartment-for-s...
2026-01-30 22:26:51,318 | INFO | ➕ Inserted new unit: Serviced Apartment for sale in New Giza
2026-01-30 22:26:51,319 | INFO |       ✅ Serviced Apartment for sale in New Giza
2026-01-30 22:26:54,658 | INFO |    [15/21] Scraping: https://www.nawy.com/compound/1479-geo-the-med/property/60103-Chalet-for-sale-in...
2026-01-30 22:26:54,659 | INFO | 📄 Navigating to: https://www.nawy.com/compound/1479-geo-the-med/property/60103-Chalet-for-sale-in...
2026-01-30 22:27:07,517 | INFO | ➕ Inserted new unit: Chalet for sale in Geo The Med with 3 bedrooms in 
2026-01-30 22:27:07,517 | INFO |       ✅ Chalet for sale in Geo The Med with 3 bedrooms in 
2026-01-30 22:27:12,126 | INFO |    [16/21] Scraping: https://www.nawy.com/compound/1793-hyde-park-signature/property/113871-apartment...
2026-01-30 22:27:12,127 | INFO | 📄 Navigating to: https://www.nawy.com/compound/1793-hyde-park-signature/property/113871-apartment...
2026-01-30 22:27:26,771 | INFO | ➕ Inserted new unit: Apartment 1 Bedroom for sale in Hyde Park Signatur
2026-01-30 22:27:26,772 | INFO |       ✅ Apartment 1 Bedroom for sale in Hyde Park Signatur
2026-01-30 22:27:29,969 | INFO |    [17/21] Scraping: https://www.nawy.com/compound/50-katameya-dunes/property/23564-town-house-for-sa...
2026-01-30 22:27:29,970 | INFO | 📄 Navigating to: https://www.nawy.com/compound/50-katameya-dunes/property/23564-town-house-for-sa...
2026-01-30 22:27:43,606 | INFO | ➕ Inserted new unit: Townhouse For Sale In Katameya Dune - New Cairo
2026-01-30 22:27:43,607 | INFO |       ✅ Townhouse For Sale In Katameya Dune - New Cairo
2026-01-30 22:27:47,948 | INFO |    [18/21] Scraping: https://www.nawy.com/compound/1793-hyde-park-signature/property/113872-apartment...
2026-01-30 22:27:47,948 | INFO | 📄 Navigating to: https://www.nawy.com/compound/1793-hyde-park-signature/property/113872-apartment...
2026-01-30 22:28:18,075 | ERROR | ❌ Navigation error (attempt 1): Timeout 30000ms exceeded.
2026-01-30 22:28:18,076 | INFO | ⏳ Retrying in 2.5s...
2026-01-30 22:28:20,627 | INFO | 📄 Navigating to: https://www.nawy.com/compound/1793-hyde-park-signature/property/113872-apartment...
2026-01-30 22:28:50,749 | ERROR | ❌ Navigation error (attempt 2): Timeout 30000ms exceeded.
2026-01-30 22:28:50,751 | INFO | ⏳ Retrying in 3.2s...
2026-01-30 22:28:53,987 | INFO | 📄 Navigating to: https://www.nawy.com/compound/1793-hyde-park-signature/property/113872-apartment...
2026-01-30 22:29:24,116 | ERROR | ❌ Navigation error (attempt 3): Timeout 30000ms exceeded.
2026-01-30 22:29:24,117 | WARNING |       ❌ Failed to scrape
2026-01-30 22:29:28,569 | INFO |    [19/21] Scraping: https://www.nawy.com/compound/639-diar-ii/property/62215-apartment-for-sale-in-d...
2026-01-30 22:29:28,569 | INFO | 📄 Navigating to: https://www.nawy.com/compound/639-diar-ii/property/62215-apartment-for-sale-in-d...
2026-01-30 22:29:40,551 | INFO | ➕ Inserted new unit: Apartment For Sale In Diar ll 
2026-01-30 22:29:40,552 | INFO |       ✅ Apartment For Sale In Diar ll 
2026-01-30 22:29:43,612 | INFO |    [20/21] Scraping: https://www.nawy.com/compound/1214-the-grey/property/62438-office-for-sale-in-th...
2026-01-30 22:29:43,626 | INFO | 📄 Navigating to: https://www.nawy.com/compound/1214-the-grey/property/62438-office-for-sale-in-th...
2026-01-30 22:30:03,425 | INFO | ➕ Inserted new unit: Office for sale in The Gray  in New Cairo by Housi
2026-01-30 22:30:03,425 | INFO |       ✅ Office for sale in The Gray  in New Cairo by Housi
2026-01-30 22:30:06,813 | INFO |    [21/21] Scraping: https://www.nawy.com/compound/926-neopolis/property/55349-apartment-for-sale-in-...
2026-01-30 22:30:06,814 | INFO | 📄 Navigating to: https://www.nawy.com/compound/926-neopolis/property/55349-apartment-for-sale-in-...
2026-01-30 22:30:36,938 | ERROR | ❌ Navigation error (attempt 1): Timeout 30000ms exceeded.
2026-01-30 22:30:36,938 | INFO | ⏳ Retrying in 3.5s...
2026-01-30 22:30:40,443 | INFO | 📄 Navigating to: https://www.nawy.com/compound/926-neopolis/property/55349-apartment-for-sale-in-...
2026-01-30 22:30:53,211 | INFO | ➕ Inserted new unit: Apartment for Sale in Neopolis Mostakbal City
2026-01-30 22:30:53,211 | INFO |       ✅ Apartment for Sale in Neopolis Mostakbal City
2026-01-30 22:31:01,246 | INFO | 📄 Page 2/1737
2026-01-30 22:31:01,246 | INFO | 📄 Navigating to: https://www.nawy.com/search?category=property&page_number=2...
2026-01-30 22:31:15,171 | INFO |    Found 21 units on page
2026-01-30 22:31:15,172 | INFO |    [1/21] Scraping: https://www.nawy.com/compound/747-88-hub-mall/property/60644-office-for-sale-in-...
2026-01-30 22:31:15,173 | INFO | 📄 Navigating to: https://www.nawy.com/compound/747-88-hub-mall/property/60644-office-for-sale-in-...
2026-01-30 22:31:31,355 | INFO | ➕ Inserted new unit: Office For Sale in 88 Hub Mall New Capital
2026-01-30 22:31:31,355 | INFO |       ✅ Office For Sale in 88 Hub Mall New Capital
2026-01-30 22:31:36,274 | INFO |    [2/21] Scraping: https://www.nawy.com/compound/605-east-tower/property/84898-retail-for-sale-in-e...
2026-01-30 22:31:36,275 | INFO | 📄 Navigating to: https://www.nawy.com/compound/605-east-tower/property/84898-retail-for-sale-in-e...
2026-01-30 22:31:49,045 | INFO | ➕ Inserted new unit: Retail for sale in East Tower
2026-01-30 22:31:49,046 | INFO |       ✅ Retail for sale in East Tower
2026-01-30 22:31:53,446 | INFO |    [6/21] Scraping: https://www.nawy.com/compound/38-hyde-park/property/83372-apartment-for-sale-in-...
2026-01-30 22:31:53,449 | INFO | 📄 Navigating to: https://www.nawy.com/compound/38-hyde-park/property/83372-apartment-for-sale-in-...
2026-01-30 22:32:00,278 | INFO | ➕ Inserted new unit: Apartment For Sale In Hyde Park
2026-01-30 22:32:00,279 | INFO |       ✅ Apartment For Sale In Hyde Park
2026-01-30 22:32:04,334 | INFO |    [7/21] Scraping: https://www.nawy.com/compound/1543-ons/property/86337-apartment-for-sale-in-ons-...
2026-01-30 22:32:04,336 | INFO | 📄 Navigating to: https://www.nawy.com/compound/1543-ons/property/86337-apartment-for-sale-in-ons-...
2026-01-30 22:32:15,846 | INFO | ➕ Inserted new unit: Apartment for sale in ONS with 1 bedroom in New Za
2026-01-30 22:32:15,847 | INFO |       ✅ Apartment for sale in ONS with 1 bedroom in New Za
2026-01-30 22:32:20,337 | INFO |    [9/21] Scraping: https://www.nawy.com/compound/1518-maliv-street/property/81636-Retail-for-sale-i...
2026-01-30 22:32:20,338 | INFO | 📄 Navigating to: https://www.nawy.com/compound/1518-maliv-street/property/81636-Retail-for-sale-i...
2026-01-30 22:32:32,694 | INFO | ➕ Inserted new unit: Retail for sale in Maliv Street in 6th settlement 
2026-01-30 22:32:32,695 | INFO |       ✅ Retail for sale in Maliv Street in 6th settlement 
2026-01-30 22:32:36,246 | INFO |    [11/21] Scraping: https://www.nawy.com/compound/1421-club-views-sarai/property/94117-villa-for-sal...
2026-01-30 22:32:36,246 | INFO | 📄 Navigating to: https://www.nawy.com/compound/1421-club-views-sarai/property/94117-villa-for-sal...
2026-01-30 22:32:48,520 | INFO | ➕ Inserted new unit: Villa for sale in Club Views - Sarai with 4 bedroo
2026-01-30 22:32:48,521 | INFO |       ✅ Villa for sale in Club Views - Sarai with 4 bedroo
2026-01-30 22:32:54,230 | INFO |    [12/21] Scraping: https://www.nawy.com/compound/663-cleo-palm-hills-new-cairo/property/106890-apar...
2026-01-30 22:32:54,231 | INFO | 📄 Navigating to: https://www.nawy.com/compound/663-cleo-palm-hills-new-cairo/property/106890-apar...
2026-01-30 22:33:24,359 | ERROR | ❌ Navigation error (attempt 1): Timeout 30000ms exceeded.
2026-01-30 22:33:24,360 | INFO | ⏳ Retrying in 3.2s...
2026-01-30 22:33:27,539 | INFO | 📄 Navigating to: https://www.nawy.com/compound/663-cleo-palm-hills-new-cairo/property/106890-apar...
2026-01-30 22:33:57,663 | ERROR | ❌ Navigation error (attempt 2): Timeout 30000ms exceeded.
2026-01-30 22:33:57,664 | INFO | ⏳ Retrying in 4.1s...
2026-01-30 22:34:01,796 | INFO | 📄 Navigating to: https://www.nawy.com/compound/663-cleo-palm-hills-new-cairo/property/106890-apar...
2026-01-30 22:34:15,777 | INFO | ➕ Inserted new unit: Apartment for sale in Cleo - Palm Hills New Cairo
2026-01-30 22:34:15,777 | INFO |       ✅ Apartment for sale in Cleo - Palm Hills New Cairo
2026-01-30 22:34:19,901 | INFO |    [14/21] Scraping: https://www.nawy.com/compound/422-mountain-view-icity-october/property/54555-apa...
2026-01-30 22:34:19,903 | INFO | 📄 Navigating to: https://www.nawy.com/compound/422-mountain-view-icity-october/property/54555-apa...
2026-01-30 22:34:44,710 | INFO | ➕ Inserted new unit: Apartment For Sale In Mountain View Icity October 
2026-01-30 22:34:44,710 | INFO |       ✅ Apartment For Sale In Mountain View Icity October 
2026-01-30 22:34:48,850 | INFO |    [15/21] Scraping: https://www.nawy.com/compound/1748-cluster-bloomfields/property/83623-Apartment-...
2026-01-30 22:34:48,853 | INFO | 📄 Navigating to: https://www.nawy.com/compound/1748-cluster-bloomfields/property/83623-Apartment-...
2026-01-30 22:35:18,979 | ERROR | ❌ Navigation error (attempt 1): Timeout 30000ms exceeded.
2026-01-30 22:35:18,979 | INFO | ⏳ Retrying in 2.6s...
2026-01-30 22:35:21,591 | INFO | 📄 Navigating to: https://www.nawy.com/compound/1748-cluster-bloomfields/property/83623-Apartment-...
2026-01-30 22:35:51,717 | ERROR | ❌ Navigation error (attempt 2): Timeout 30000ms exceeded.
2026-01-30 22:35:51,717 | INFO | ⏳ Retrying in 3.6s...
2026-01-30 22:35:55,339 | INFO | 📄 Navigating to: https://www.nawy.com/compound/1748-cluster-bloomfields/property/83623-Apartment-...
2026-01-30 22:36:25,465 | ERROR | ❌ Navigation error (attempt 3): Timeout 30000ms exceeded.
2026-01-30 22:36:25,466 | WARNING |       ❌ Failed to scrape
2026-01-30 22:36:30,682 | INFO |    [17/21] Scraping: https://www.nawy.com/compound/1590-town-island/property/95795-Townhouse-for-sale...
2026-01-30 22:36:30,682 | INFO | 📄 Navigating to: https://www.nawy.com/compound/1590-town-island/property/95795-Townhouse-for-sale...
2026-01-30 22:37:00,809 | ERROR | ❌ Navigation error (attempt 1): Timeout 30000ms exceeded.
2026-01-30 22:37:00,809 | INFO | ⏳ Retrying in 2.9s...
2026-01-30 22:37:03,680 | INFO | 📄 Navigating to: https://www.nawy.com/compound/1590-town-island/property/95795-Townhouse-for-sale...
2026-01-30 22:37:33,805 | ERROR | ❌ Navigation error (attempt 2): Timeout 30000ms exceeded.
2026-01-30 22:37:33,807 | INFO | ⏳ Retrying in 3.8s...
2026-01-30 22:37:37,587 | INFO | 📄 Navigating to: https://www.nawy.com/compound/1590-town-island/property/95795-Townhouse-for-sale...
2026-01-30 22:38:07,710 | ERROR | ❌ Navigation error (attempt 3): Timeout 30000ms exceeded.
2026-01-30 22:38:07,710 | WARNING |       ❌ Failed to scrape
2026-01-30 22:38:12,633 | INFO |    [20/21] Scraping: https://www.nawy.com/compound/336-vye-sodic/property/64904-Twinhouse-for-sale-in...
2026-01-30 22:38:12,637 | INFO | 📄 Navigating to: https://www.nawy.com/compound/336-vye-sodic/property/64904-Twinhouse-for-sale-in...
2026-01-30 22:38:20,367 | ERROR | Error
Traceback (most recent call last):
  File "E:\StudioProjects\SemsAi\nawy-scraper\scrape_units_smart.py", line 523, in scrape_all_units
    unit_data = await scraper.scrape_unit_detail(unit_url)
                ^^^^^^^^^^^^^^^^^^^^^^^^^^^^^^^^^^^^^^^^^^
  File "E:\StudioProjects\SemsAi\nawy-scraper\scrape_units_smart.py", line 189, in scrape_unit_detail
    if not await self.safe_goto(url):
           ^^^^^^^^^^^^^^^^^^^^^^^^^
  File "E:\StudioProjects\SemsAi\nawy-scraper\scrapers\base_scraper.py", line 148, in safe_goto
    response = await self.page.goto(
               ^^^^^^^^^^^^^^^^^^^^^
  File "C:\Users\Youssef\AppData\Roaming\Python\Python312\site-packages\playwright\async_api\_generated.py", line 9260, in goto
    await self._impl_obj.goto(
  File "C:\Users\Youssef\AppData\Roaming\Python\Python312\site-packages\playwright\_impl\_page.py", line 475, in goto
    return await self._main_frame.goto(**locals_to_params(locals()))
           ^^^^^^^^^^^^^^^^^^^^^^^^^^^^^^^^^^^^^^^^^^^^^^^^^^^^^^^^^
  File "C:\Users\Youssef\AppData\Roaming\Python\Python312\site-packages\playwright\_impl\_frame.py", line 139, in goto
    await self._channel.send("goto", locals_to_params(locals()))
  File "C:\Users\Youssef\AppData\Roaming\Python\Python312\site-packages\playwright\_impl\_connection.py", line 62, in send
    return await self._connection.wrap_api_call(
           ^^^^^^^^^^^^^^^^^^^^^^^^^^^^^^^^^^^^^
  File "C:\Users\Youssef\AppData\Roaming\Python\Python312\site-packages\playwright\_impl\_connection.py", line 492, in wrap_api_call
    return await cb()
           ^^^^^^^^^^
  File "C:\Users\Youssef\AppData\Roaming\Python\Python312\site-packages\playwright\_impl\_connection.py", line 91, in inner_send
    done, _ = await asyncio.wait(
              ^^^^^^^^^^^^^^^^^^^
  File "C:\Program Files\Python312\Lib\asyncio\tasks.py", line 464, in wait
    return await _wait(fs, timeout, return_when, loop)
           ^^^^^^^^^^^^^^^^^^^^^^^^^^^^^^^^^^^^^^^^^^^
  File "C:\Program Files\Python312\Lib\asyncio\tasks.py", line 550, in _wait
    await waiter
asyncio.exceptions.CancelledError

During handling of the above exception, another exception occurred:

Traceback (most recent call last):
  File "E:\StudioProjects\SemsAi\nawy-scraper\scrape_units_smart.py", line 607, in main
    stats = asyncio.run(scrape_all_units())
            ^^^^^^^^^^^^^^^^^^^^^^^^^^^^^^^
  File "C:\Program Files\Python312\Lib\asyncio\runners.py", line 194, in run
    return runner.run(main)
           ^^^^^^^^^^^^^^^^
  File "C:\Program Files\Python312\Lib\asyncio\runners.py", line 118, in run
    return self._loop.run_until_complete(task)
           ^^^^^^^^^^^^^^^^^^^^^^^^^^^^^^^^^^^
  File "C:\Program Files\Python312\Lib\asyncio\base_events.py", line 687, in run_until_complete
    return future.result()
           ^^^^^^^^^^^^^^^
  File "E:\StudioProjects\SemsAi\nawy-scraper\scrape_units_smart.py", line 564, in scrape_all_units
    await scraper.close()
  File "E:\StudioProjects\SemsAi\nawy-scraper\scrapers\base_scraper.py", line 107, in close
    await self.context.close()
  File "C:\Users\Youssef\AppData\Roaming\Python\Python312\site-packages\playwright\async_api\_generated.py", line 13758, in close
    return mapping.from_maybe_impl(await self._impl_obj.close(reason=reason))
                                   ^^^^^^^^^^^^^^^^^^^^^^^^^^^^^^^^^^^^^^^^^
  File "C:\Users\Youssef\AppData\Roaming\Python\Python312\site-packages\playwright\_impl\_browser_context.py", line 485, in close
    await self._channel.send("close", filter_none({"reason": reason}))
  File "C:\Users\Youssef\AppData\Roaming\Python\Python312\site-packages\playwright\_impl\_connection.py", line 62, in send
    return await self._connection.wrap_api_call(
           ^^^^^^^^^^^^^^^^^^^^^^^^^^^^^^^^^^^^^
  File "C:\Users\Youssef\AppData\Roaming\Python\Python312\site-packages\playwright\_impl\_connection.py", line 492, in wrap_api_call
    return await cb()
           ^^^^^^^^^^
  File "C:\Users\Youssef\AppData\Roaming\Python\Python312\site-packages\playwright\_impl\_connection.py", line 100, in inner_send
    result = next(iter(done)).result()
             ^^^^^^^^^^^^^^^^^^^^^^^^^
playwright._impl._errors.TargetClosedError: Target page, context or browser has been closed
2026-01-30 22:38:20,574 | INFO | 🔌 Disconnected from MongoDB
2026-01-30 22:40:46,866 | INFO | ✅ Connected to MongoDB: semsai
2026-01-30 22:40:52,781 | INFO | 🚀 Initializing browser...
2026-01-30 22:40:56,274 | INFO | ✅ Browser initialized (UA: Mozilla/5.0 (Windows NT 10.0; Win64; x64; rv:121.0...)
2026-01-30 22:40:56,275 | INFO | 📄 Page 1/1737
2026-01-30 22:40:56,275 | INFO | 📄 Navigating to: https://www.nawy.com/search?category=property&page_number=1...
2026-01-30 22:41:04,269 | INFO |    Found 21 units on page
2026-01-30 22:41:04,272 | INFO |    [1/21] Scraping: https://www.nawy.com/compound/1252-code/property/87915-Office-for-sale-in-Code-w...
2026-01-30 22:41:04,273 | INFO | 📄 Navigating to: https://www.nawy.com/compound/1252-code/property/87915-Office-for-sale-in-Code-w...
2026-01-30 22:41:17,013 | INFO | ➕ Inserted new unit: Office for sale in Code in New Capital City by Jad
2026-01-30 22:41:17,014 | INFO |       ✅ Office for sale in Code in New Capital City by Jad
2026-01-30 22:41:20,183 | INFO |    [2/21] Scraping: https://www.nawy.com/compound/776-marina-1/property/39193-villa-for-sale-in-mari...
2026-01-30 22:41:20,185 | INFO | 📄 Navigating to: https://www.nawy.com/compound/776-marina-1/property/39193-villa-for-sale-in-mari...
2026-01-30 22:41:27,671 | INFO | ➕ Inserted new unit: Villa For Sale In Marina 2 North Coast
2026-01-30 22:41:27,674 | INFO |       ✅ Villa For Sale In Marina 2 North Coast
2026-01-30 22:41:32,227 | INFO |    [3/21] Scraping: https://www.nawy.com/compound/926-neopolis/property/55349-apartment-for-sale-in-...
2026-01-30 22:41:32,231 | INFO | 📄 Navigating to: https://www.nawy.com/compound/926-neopolis/property/55349-apartment-for-sale-in-...
2026-01-30 22:41:45,301 | INFO | ➕ Inserted new unit: Apartment for Sale in Neopolis Mostakbal City
2026-01-30 22:41:45,301 | INFO |       ✅ Apartment for Sale in Neopolis Mostakbal City
2026-01-30 22:41:50,144 | INFO |    [4/21] Scraping: https://www.nawy.com/compound/50-katameya-dunes/property/23564-town-house-for-sa...
2026-01-30 22:41:50,145 | INFO | 📄 Navigating to: https://www.nawy.com/compound/50-katameya-dunes/property/23564-town-house-for-sa...
2026-01-30 22:42:03,881 | INFO | ➕ Inserted new unit: Townhouse For Sale In Katameya Dune - New Cairo
2026-01-30 22:42:03,881 | INFO |       ✅ Townhouse For Sale In Katameya Dune - New Cairo
2026-01-30 22:42:09,623 | INFO |    [5/21] Scraping: https://www.nawy.com/compound/1793-hyde-park-signature/property/113871-apartment...
2026-01-30 22:42:09,624 | INFO | 📄 Navigating to: https://www.nawy.com/compound/1793-hyde-park-signature/property/113871-apartment...
2026-01-30 22:42:22,339 | INFO | ➕ Inserted new unit: Apartment 1 Bedroom for sale in Hyde Park Signatur
2026-01-30 22:42:22,341 | INFO |       ✅ Apartment 1 Bedroom for sale in Hyde Park Signatur
2026-01-30 22:42:25,747 | INFO |    [6/21] Scraping: https://www.nawy.com/compound/405-marseilia-beach-3/property/53850-villa-for-sal...
2026-01-30 22:42:25,748 | INFO | 📄 Navigating to: https://www.nawy.com/compound/405-marseilia-beach-3/property/53850-villa-for-sal...
2026-01-30 22:42:52,307 | INFO | ➕ Inserted new unit: Villa for sale in Marseilia Beach 3
2026-01-30 22:42:52,308 | INFO |       ✅ Villa for sale in Marseilia Beach 3
2026-01-30 22:42:57,338 | INFO |    [7/21] Scraping: https://www.nawy.com/compound/939-telal-east/property/56032-sky-villa-for-sale-i...
2026-01-30 22:42:57,338 | INFO | 📄 Navigating to: https://www.nawy.com/compound/939-telal-east/property/56032-sky-villa-for-sale-i...
2026-01-30 22:43:24,035 | INFO | ➕ Inserted new unit: Sky Villa for sale in Telal East New Cairo
2026-01-30 22:43:24,036 | INFO |       ✅ Sky Villa for sale in Telal East New Cairo
2026-01-30 22:43:27,535 | INFO |    [8/21] Scraping: https://www.nawy.com/compound/924-oak-residences-stone-park/property/98244-Apart...
2026-01-30 22:43:27,536 | INFO | 📄 Navigating to: https://www.nawy.com/compound/924-oak-residences-stone-park/property/98244-Apart...
2026-01-30 22:43:45,038 | INFO | ➕ Inserted new unit: Apartment for sale in Oak Residences-Stone Park wi
2026-01-30 22:43:45,039 | INFO |       ✅ Apartment for sale in Oak Residences-Stone Park wi
2026-01-30 22:43:50,024 | INFO |    [9/21] Scraping: https://www.nawy.com/compound/1793-hyde-park-signature/property/103194-Twinhouse...
2026-01-30 22:43:50,029 | INFO | 📄 Navigating to: https://www.nawy.com/compound/1793-hyde-park-signature/property/103194-Twinhouse...
2026-01-30 22:44:20,157 | ERROR | ❌ Navigation error (attempt 1): Timeout 30000ms exceeded.
2026-01-30 22:44:20,157 | INFO | ⏳ Retrying in 2.1s...
2026-01-30 22:44:22,254 | INFO | 📄 Navigating to: https://www.nawy.com/compound/1793-hyde-park-signature/property/103194-Twinhouse...
2026-01-30 22:44:52,383 | ERROR | ❌ Navigation error (attempt 2): Timeout 30000ms exceeded.
2026-01-30 22:44:52,383 | INFO | ⏳ Retrying in 3.4s...
2026-01-30 22:44:55,795 | INFO | 📄 Navigating to: https://www.nawy.com/compound/1793-hyde-park-signature/property/103194-Twinhouse...
2026-01-30 22:45:06,972 | INFO | ➕ Inserted new unit: Twinhouse for sale in Hyde Park Signature with 4 b
2026-01-30 22:45:06,973 | INFO |       ✅ Twinhouse for sale in Hyde Park Signature with 4 b
2026-01-30 22:45:12,152 | INFO |    [10/21] Scraping: https://www.nawy.com/compound/3-new-giza/property/76624-serviced-apartment-for-s...
2026-01-30 22:45:12,152 | INFO | 📄 Navigating to: https://www.nawy.com/compound/3-new-giza/property/76624-serviced-apartment-for-s...
2026-01-30 22:45:21,079 | INFO | ➕ Inserted new unit: Serviced Apartment for sale in New Giza
2026-01-30 22:45:21,079 | INFO |       ✅ Serviced Apartment for sale in New Giza
2026-01-30 22:45:25,260 | INFO |    [11/21] Scraping: https://www.nawy.com/compound/639-diar-ii/property/62215-apartment-for-sale-in-d...
2026-01-30 22:45:25,260 | INFO | 📄 Navigating to: https://www.nawy.com/compound/639-diar-ii/property/62215-apartment-for-sale-in-d...
2026-01-30 22:45:34,613 | INFO | ➕ Inserted new unit: Apartment For Sale In Diar ll
2026-01-30 22:45:34,624 | INFO |       ✅ Apartment For Sale In Diar ll
2026-01-30 22:45:40,414 | INFO |    [12/21] Scraping: https://www.nawy.com/compound/972-the-wonder-marq/property/64956-villa-for-sale-...
2026-01-30 22:45:40,415 | INFO | 📄 Navigating to: https://www.nawy.com/compound/972-the-wonder-marq/property/64956-villa-for-sale-...
2026-01-30 22:45:49,007 | INFO | ➕ Inserted new unit: Villa for sale in The Wonder Marq
2026-01-30 22:45:49,008 | INFO |       ✅ Villa for sale in The Wonder Marq
2026-01-30 22:45:53,029 | INFO |    [13/21] Scraping: https://www.nawy.com/compound/1214-the-grey/property/62438-office-for-sale-in-th...
2026-01-30 22:45:53,031 | INFO | 📄 Navigating to: https://www.nawy.com/compound/1214-the-grey/property/62438-office-for-sale-in-th...
2026-01-30 22:46:05,596 | INFO | ➕ Inserted new unit: Office for sale in The Gray in New Cairo by Housin
2026-01-30 22:46:05,597 | INFO |       ✅ Office for sale in The Gray in New Cairo by Housin
2026-01-30 22:46:09,134 | INFO |    [14/21] Scraping: https://www.nawy.com/compound/1620-suite-hub/property/85252-serviced-apartment-f...
2026-01-30 22:46:09,187 | INFO | 📄 Navigating to: https://www.nawy.com/compound/1620-suite-hub/property/85252-serviced-apartment-f...
2026-01-30 22:46:30,729 | INFO | ➕ Inserted new unit: Serviced Studio for sale in Suite Hub by Radix Dev
2026-01-30 22:46:30,733 | INFO |       ✅ Serviced Studio for sale in Suite Hub by Radix Dev
2026-01-30 22:46:36,235 | INFO |    [15/21] Scraping: https://www.nawy.com/compound/1793-hyde-park-signature/property/113872-apartment...
2026-01-30 22:46:36,237 | INFO | 📄 Navigating to: https://www.nawy.com/compound/1793-hyde-park-signature/property/113872-apartment...
2026-01-30 22:47:06,369 | ERROR | ❌ Navigation error (attempt 1): Timeout 30000ms exceeded.
2026-01-30 22:47:06,370 | INFO | ⏳ Retrying in 2.2s...
2026-01-30 22:47:08,571 | INFO | 📄 Navigating to: https://www.nawy.com/compound/1793-hyde-park-signature/property/113872-apartment...
2026-01-30 22:47:38,685 | ERROR | ❌ Navigation error (attempt 2): Timeout 30000ms exceeded.
2026-01-30 22:47:38,685 | INFO | ⏳ Retrying in 3.8s...
2026-01-30 22:47:42,459 | INFO | 📄 Navigating to: https://www.nawy.com/compound/1793-hyde-park-signature/property/113872-apartment...
2026-01-30 22:48:12,594 | ERROR | ❌ Navigation error (attempt 3): Timeout 30000ms exceeded.
2026-01-30 22:48:12,594 | WARNING |       ❌ Failed to scrape
2026-01-30 22:48:16,558 | INFO |    [16/21] Scraping: https://www.nawy.com/compound/1479-geo-the-med/property/60103-Chalet-for-sale-in...
2026-01-30 22:48:16,558 | INFO | 📄 Navigating to: https://www.nawy.com/compound/1479-geo-the-med/property/60103-Chalet-for-sale-in...
2026-01-30 22:48:26,185 | INFO | ➕ Inserted new unit: Chalet for sale in Geo The Med with 3 bedrooms in 
2026-01-30 22:48:26,186 | INFO |       ✅ Chalet for sale in Geo The Med with 3 bedrooms in 
2026-01-30 22:48:30,880 | INFO |    [17/21] Scraping: https://www.nawy.com/compound/189-zizinia-gardens/property/16177-zizinia-new-cai...
2026-01-30 22:48:30,883 | INFO | 📄 Navigating to: https://www.nawy.com/compound/189-zizinia-gardens/property/16177-zizinia-new-cai...
2026-01-30 22:48:45,379 | INFO | ➕ Inserted new unit: Villa for sale in Zizinia
2026-01-30 22:48:45,380 | INFO |       ✅ Villa for sale in Zizinia
2026-01-30 22:48:50,794 | INFO |    [18/21] Scraping: https://www.nawy.com/compound/1391-scenes/property/95637-townhouse-for-sale-in-b...
2026-01-30 22:48:50,795 | INFO | 📄 Navigating to: https://www.nawy.com/compound/1391-scenes/property/95637-townhouse-for-sale-in-b...
2026-01-30 22:49:03,390 | INFO | ➕ Inserted new unit: Townhouse for sale in Scenes
2026-01-30 22:49:03,391 | INFO |       ✅ Townhouse for sale in Scenes
2026-01-30 22:49:08,597 | ERROR | Error
Traceback (most recent call last):
  File "E:\StudioProjects\SemsAi\nawy-scraper\scrape_units_smart.py", line 807, in scrape_all_units
    await scraper.random_delay()
  File "E:\StudioProjects\SemsAi\nawy-scraper\scrapers\base_scraper.py", line 121, in random_delay
    await asyncio.sleep(delay)
  File "C:\Program Files\Python312\Lib\asyncio\tasks.py", line 665, in sleep
    return await future
           ^^^^^^^^^^^^
asyncio.exceptions.CancelledError

During handling of the above exception, another exception occurred:

Traceback (most recent call last):
  File "E:\StudioProjects\SemsAi\nawy-scraper\scrape_units_smart.py", line 875, in main
    stats = asyncio.run(scrape_all_units())
            ^^^^^^^^^^^^^^^^^^^^^^^^^^^^^^^
  File "C:\Program Files\Python312\Lib\asyncio\runners.py", line 194, in run
    return runner.run(main)
           ^^^^^^^^^^^^^^^^
  File "C:\Program Files\Python312\Lib\asyncio\runners.py", line 118, in run
    return self._loop.run_until_complete(task)
           ^^^^^^^^^^^^^^^^^^^^^^^^^^^^^^^^^^^
  File "C:\Program Files\Python312\Lib\asyncio\base_events.py", line 687, in run_until_complete
    return future.result()
           ^^^^^^^^^^^^^^^
  File "E:\StudioProjects\SemsAi\nawy-scraper\scrape_units_smart.py", line 832, in scrape_all_units
    await scraper.close()
  File "E:\StudioProjects\SemsAi\nawy-scraper\scrapers\base_scraper.py", line 107, in close
    await self.context.close()
  File "C:\Users\Youssef\AppData\Roaming\Python\Python312\site-packages\playwright\async_api\_generated.py", line 13758, in close
    return mapping.from_maybe_impl(await self._impl_obj.close(reason=reason))
                                   ^^^^^^^^^^^^^^^^^^^^^^^^^^^^^^^^^^^^^^^^^
  File "C:\Users\Youssef\AppData\Roaming\Python\Python312\site-packages\playwright\_impl\_browser_context.py", line 485, in close
    await self._channel.send("close", filter_none({"reason": reason}))
  File "C:\Users\Youssef\AppData\Roaming\Python\Python312\site-packages\playwright\_impl\_connection.py", line 62, in send
    return await self._connection.wrap_api_call(
           ^^^^^^^^^^^^^^^^^^^^^^^^^^^^^^^^^^^^^
  File "C:\Users\Youssef\AppData\Roaming\Python\Python312\site-packages\playwright\_impl\_connection.py", line 492, in wrap_api_call
    return await cb()
           ^^^^^^^^^^
  File "C:\Users\Youssef\AppData\Roaming\Python\Python312\site-packages\playwright\_impl\_connection.py", line 100, in inner_send
    result = next(iter(done)).result()
             ^^^^^^^^^^^^^^^^^^^^^^^^^
playwright._impl._errors.TargetClosedError: Target page, context or browser has been closed
2026-01-30 22:49:08,876 | INFO | 🔌 Disconnected from MongoDB
2026-01-31 16:38:13,822 | INFO | ✅ Connected to MongoDB: semsai
2026-01-31 16:38:17,695 | INFO | 🚀 Initializing browser...
2026-01-31 16:38:36,454 | INFO | ✅ Browser initialized (UA: Mozilla/5.0 (Windows NT 10.0; Win64; x64; rv:121.0...)
2026-01-31 16:38:36,456 | INFO | 📄 Page 1/1737
2026-01-31 16:38:36,456 | INFO | 📄 Navigating to: https://www.nawy.com/search?category=property&page_number=1...
2026-01-31 16:39:03,399 | INFO |    Found 21 units on page
2026-01-31 16:39:03,400 | INFO |    [1/21] Scraping: https://www.nawy.com/compound/711-green-5/property/14527-green-5-sheikh-zayed-ap...
2026-01-31 16:39:03,401 | INFO | 📄 Navigating to: https://www.nawy.com/compound/711-green-5/property/14527-green-5-sheikh-zayed-ap...
2026-01-31 16:39:19,808 | INFO | ➕ Inserted new unit: Green 5, Sheikh Zayed - Apartment 4 bedrooms - For
2026-01-31 16:39:19,809 | INFO |       ✅ Green 5, Sheikh Zayed - Apartment 4 bedrooms - For
2026-01-31 16:39:23,912 | INFO |    [2/21] Scraping: https://www.nawy.com/compound/405-marseilia-beach-3/property/53850-villa-for-sal...
2026-01-31 16:39:23,912 | INFO | 📄 Navigating to: https://www.nawy.com/compound/405-marseilia-beach-3/property/53850-villa-for-sal...
2026-01-31 16:39:39,379 | INFO | ➕ Inserted new unit: Villa for sale in Marseilia Beach 3
2026-01-31 16:39:39,383 | INFO |       ✅ Villa for sale in Marseilia Beach 3
2026-01-31 16:39:44,216 | INFO |    [3/21] Scraping: https://www.nawy.com/compound/691-oro-new-capital/property/63085-apartment-for-s...
2026-01-31 16:39:44,218 | INFO | 📄 Navigating to: https://www.nawy.com/compound/691-oro-new-capital/property/63085-apartment-for-s...
2026-01-31 16:39:59,168 | INFO | ➕ Inserted new unit: Apartment For sale in Oro New Capital
2026-01-31 16:39:59,168 | INFO |       ✅ Apartment For sale in Oro New Capital
2026-01-31 16:40:03,132 | INFO |    [4/21] Scraping: https://www.nawy.com/compound/223-badya/property/113877-penthouse-for-sale-in-ba...
2026-01-31 16:40:03,133 | INFO | 📄 Navigating to: https://www.nawy.com/compound/223-badya/property/113877-penthouse-for-sale-in-ba...
2026-01-31 16:40:18,963 | INFO | ➕ Inserted new unit: Penthouse for sale in Badya with 4 bedrooms in Oct
2026-01-31 16:40:18,963 | INFO |       ✅ Penthouse for sale in Badya with 4 bedrooms in Oct
2026-01-31 16:40:24,922 | INFO |    [5/21] Scraping: https://www.nawy.com/compound/1767-sway-dose/property/88418-Chalet-for-sale-in-S...
2026-01-31 16:40:24,923 | INFO | 📄 Navigating to: https://www.nawy.com/compound/1767-sway-dose/property/88418-Chalet-for-sale-in-S...
2026-01-31 16:40:39,016 | INFO | ➕ Inserted new unit: Chalet for sale in Sway-Dose with 2 bedrooms in Al
2026-01-31 16:40:39,024 | INFO |       ✅ Chalet for sale in Sway-Dose with 2 bedrooms in Al
2026-01-31 16:40:42,831 | INFO |    [6/21] Scraping: https://www.nawy.com/compound/776-marina-1/property/39193-villa-for-sale-in-mari...
2026-01-31 16:40:42,831 | INFO | 📄 Navigating to: https://www.nawy.com/compound/776-marina-1/property/39193-villa-for-sale-in-mari...
2026-01-31 16:40:54,950 | INFO | ➕ Inserted new unit: Villa For Sale In Marina 2 North Coast
2026-01-31 16:40:54,950 | INFO |       ✅ Villa For Sale In Marina 2 North Coast
2026-01-31 16:41:00,576 | INFO |    [7/21] Scraping: https://www.nawy.com/compound/926-neopolis/property/55349-apartment-for-sale-in-...
2026-01-31 16:41:00,578 | INFO | 📄 Navigating to: https://www.nawy.com/compound/926-neopolis/property/55349-apartment-for-sale-in-...
2026-01-31 16:41:13,280 | INFO | ➕ Inserted new unit: Apartment for Sale in Neopolis Mostakbal City
2026-01-31 16:41:13,280 | INFO |       ✅ Apartment for Sale in Neopolis Mostakbal City
2026-01-31 16:41:16,950 | INFO |    [8/21] Scraping: https://www.nawy.com/compound/713-skyline/property/50971-studio-for-sale-in-skyl...
2026-01-31 16:41:16,950 | INFO | 📄 Navigating to: https://www.nawy.com/compound/713-skyline/property/50971-studio-for-sale-in-skyl...
2026-01-31 16:41:31,713 | INFO | ➕ Inserted new unit: Studio for sale in Skyline in New Cairo by Morshed
2026-01-31 16:41:31,714 | INFO |       ✅ Studio for sale in Skyline in New Cairo by Morshed
2026-01-31 16:41:35,265 | INFO |    [9/21] Scraping: https://www.nawy.com/compound/764-city-gate/property/55590-twinhouse-for-sale-in...
2026-01-31 16:41:35,266 | INFO | 📄 Navigating to: https://www.nawy.com/compound/764-city-gate/property/55590-twinhouse-for-sale-in...
2026-01-31 16:42:10,064 | INFO | ➕ Inserted new unit: Twinhouse for sale in City Gate
2026-01-31 16:42:10,065 | INFO |       ✅ Twinhouse for sale in City Gate
2026-01-31 16:42:16,077 | INFO |    [10/21] Scraping: https://www.nawy.com/compound/50-katameya-dunes/property/23564-town-house-for-sa...
2026-01-31 16:42:16,079 | INFO | 📄 Navigating to: https://www.nawy.com/compound/50-katameya-dunes/property/23564-town-house-for-sa...
2026-01-31 16:42:30,152 | INFO | ➕ Inserted new unit: Townhouse For Sale In Katameya Dune - New Cairo
2026-01-31 16:42:30,153 | INFO |       ✅ Townhouse For Sale In Katameya Dune - New Cairo
2026-01-31 16:42:33,688 | INFO |    [11/21] Scraping: https://www.nawy.com/compound/1122-elora/property/53286-villa-stand-alone-for-sa...
2026-01-31 16:42:33,690 | INFO | 📄 Navigating to: https://www.nawy.com/compound/1122-elora/property/53286-villa-stand-alone-for-sa...
2026-01-31 16:42:49,885 | INFO | ➕ Inserted new unit: Villa for sale in Elora with 3 bedrooms by Arabia 
2026-01-31 16:42:49,885 | INFO |       ✅ Villa for sale in Elora with 3 bedrooms by Arabia 
2026-01-31 16:42:54,254 | INFO |    [12/21] Scraping: https://www.nawy.com/compound/202-bloomfields/property/113875-apartment-for-sale...
2026-01-31 16:42:54,255 | INFO | 📄 Navigating to: https://www.nawy.com/compound/202-bloomfields/property/113875-apartment-for-sale...
2026-01-31 16:43:05,518 | INFO | ➕ Inserted new unit: Apartment for sale in Bloomfields with 2 bedrooms 
2026-01-31 16:43:05,519 | INFO |       ✅ Apartment for sale in Bloomfields with 2 bedrooms 
2026-01-31 16:43:10,646 | INFO |    [13/21] Scraping: https://www.nawy.com/compound/639-diar-ii/property/62215-apartment-for-sale-in-d...
2026-01-31 16:43:10,647 | INFO | 📄 Navigating to: https://www.nawy.com/compound/639-diar-ii/property/62215-apartment-for-sale-in-d...
2026-01-31 16:43:27,536 | INFO | ➕ Inserted new unit: Apartment For Sale In Diar ll
2026-01-31 16:43:27,537 | INFO |       ✅ Apartment For Sale In Diar ll
2026-01-31 16:43:33,356 | INFO |    [14/21] Scraping: https://www.nawy.com/compound/972-the-wonder-marq/property/64956-villa-for-sale-...
2026-01-31 16:43:33,356 | INFO | 📄 Navigating to: https://www.nawy.com/compound/972-the-wonder-marq/property/64956-villa-for-sale-...
2026-01-31 16:43:44,569 | INFO | ➕ Inserted new unit: Villa for sale in The Wonder Marq
2026-01-31 16:43:44,570 | INFO |       ✅ Villa for sale in The Wonder Marq
2026-01-31 16:43:47,929 | INFO |    [15/21] Scraping: https://www.nawy.com/compound/360-the-phoenix-swanlake-residences/property/3805-...
2026-01-31 16:43:47,931 | INFO | 📄 Navigating to: https://www.nawy.com/compound/360-the-phoenix-swanlake-residences/property/3805-...
2026-01-31 16:44:01,847 | INFO | ➕ Inserted new unit: Apartment Ground for sale in The Phoenix SwanLake 
2026-01-31 16:44:01,847 | INFO |       ✅ Apartment Ground for sale in The Phoenix SwanLake 
2026-01-31 16:44:05,785 | INFO |    [16/21] Scraping: https://www.nawy.com/compound/1664-vaya-jefaira/property/89532-Villa-for-sale-in...
2026-01-31 16:44:05,788 | INFO | 📄 Navigating to: https://www.nawy.com/compound/1664-vaya-jefaira/property/89532-Villa-for-sale-in...
2026-01-31 16:44:17,232 | INFO | ➕ Inserted new unit: Villa for sale in Vaya - Jefaira with 4 bedrooms i
2026-01-31 16:44:17,233 | INFO |       ✅ Villa for sale in Vaya - Jefaira with 4 bedrooms i
2026-01-31 16:44:21,188 | INFO |    [17/21] Scraping: https://www.nawy.com/compound/1214-the-grey/property/62438-office-for-sale-in-th...
2026-01-31 16:44:21,189 | INFO | 📄 Navigating to: https://www.nawy.com/compound/1214-the-grey/property/62438-office-for-sale-in-th...
2026-01-31 16:44:28,825 | INFO | ➕ Inserted new unit: Office for sale in The Gray in New Cairo by Housin
2026-01-31 16:44:28,825 | INFO |       ✅ Office for sale in The Gray in New Cairo by Housin
2026-01-31 16:44:33,196 | INFO |    [18/21] Scraping: https://www.nawy.com/compound/186-taj-city/property/113876-apartment-for-sale-in...
2026-01-31 16:44:33,197 | INFO | 📄 Navigating to: https://www.nawy.com/compound/186-taj-city/property/113876-apartment-for-sale-in...
2026-01-31 16:44:43,233 | INFO | ➕ Inserted new unit: Apartment for sale in Taj City with 1 bedrooms in 
2026-01-31 16:44:43,234 | INFO |       ✅ Apartment for sale in Taj City with 1 bedrooms in 
2026-01-31 16:44:47,671 | INFO |    [19/21] Scraping: https://www.nawy.com/compound/223-badya/property/44331-villa-for-sale-in-badya-o...
2026-01-31 16:44:47,677 | INFO | 📄 Navigating to: https://www.nawy.com/compound/223-badya/property/44331-villa-for-sale-in-badya-o...
2026-01-31 16:45:04,319 | INFO | ➕ Inserted new unit: Villa For Sale In Badya October
2026-01-31 16:45:04,320 | INFO |       ✅ Villa For Sale In Badya October
2026-01-31 16:45:08,045 | INFO |    [20/21] Scraping: https://www.nawy.com/compound/232-el-masyaf/property/81850-Penthouse-for-sale-in...
2026-01-31 16:45:08,045 | INFO | 📄 Navigating to: https://www.nawy.com/compound/232-el-masyaf/property/81850-Penthouse-for-sale-in...
2026-01-31 16:45:19,603 | INFO | ➕ Inserted new unit: Penthouse for sale in El Masyaf with 4 bedrooms in
2026-01-31 16:45:19,604 | INFO |       ✅ Penthouse for sale in El Masyaf with 4 bedrooms in
2026-01-31 16:45:23,105 | INFO |    [21/21] Scraping: https://www.nawy.com/compound/189-zizinia-gardens/property/16177-zizinia-new-cai...
2026-01-31 16:45:23,105 | INFO | 📄 Navigating to: https://www.nawy.com/compound/189-zizinia-gardens/property/16177-zizinia-new-cai...
2026-01-31 16:45:35,625 | INFO | ➕ Inserted new unit: Villa for sale in Zizinia
2026-01-31 16:45:35,626 | INFO |       ✅ Villa for sale in Zizinia
2026-01-31 16:45:46,020 | INFO | 📄 Page 2/1737
2026-01-31 16:45:46,020 | INFO | 📄 Navigating to: https://www.nawy.com/search?category=property&page_number=2...
2026-01-31 16:46:16,135 | ERROR | ❌ Navigation error (attempt 1): Timeout 30000ms exceeded.
2026-01-31 16:46:16,135 | INFO | ⏳ Retrying in 2.4s...
2026-01-31 16:46:18,522 | INFO | 📄 Navigating to: https://www.nawy.com/search?category=property&page_number=2...
2026-01-31 16:46:25,914 | INFO |    Found 21 units on page
2026-01-31 16:46:25,914 | INFO |    [1/21] Scraping: https://www.nawy.com/compound/962-rosail/property/35732-apartment-for-sale-in-ro...
2026-01-31 16:46:25,915 | INFO | 📄 Navigating to: https://www.nawy.com/compound/962-rosail/property/35732-apartment-for-sale-in-ro...
2026-01-31 16:46:44,022 | INFO | ➕ Inserted new unit: Apartment for sale in Rosail with 2 bedrooms by Kh
2026-01-31 16:46:44,023 | INFO |       ✅ Apartment for sale in Rosail with 2 bedrooms by Kh
2026-01-31 16:46:49,290 | INFO |    [4/21] Scraping: https://www.nawy.com/compound/505-cali-coast-ras-el-hekma/property/4732-cali-coa...
2026-01-31 16:46:49,292 | INFO | 📄 Navigating to: https://www.nawy.com/compound/505-cali-coast-ras-el-hekma/property/4732-cali-coa...
2026-01-31 16:47:04,797 | INFO | ➕ Inserted new unit: Chalet for sale in Cali Coast Ras El Hekma with 3 
2026-01-31 16:47:04,798 | INFO |       ✅ Chalet for sale in Cali Coast Ras El Hekma with 3 
2026-01-31 16:47:09,609 | INFO |    [7/21] Scraping: https://www.nawy.com/compound/549-the-median-residences/property/42906-villa-for...
2026-01-31 16:47:09,644 | INFO | 📄 Navigating to: https://www.nawy.com/compound/549-the-median-residences/property/42906-villa-for...
2026-01-31 16:47:26,166 | INFO | ➕ Inserted new unit: Duplex For Sale In The Median Residence New Cairo
2026-01-31 16:47:26,173 | INFO |       ✅ Duplex For Sale In The Median Residence New Cairo
2026-01-31 16:47:30,487 | INFO |    [8/21] Scraping: https://www.nawy.com/compound/732-de-joya--2/property/44589-apartment-for-sale-i...
2026-01-31 16:47:30,487 | INFO | 📄 Navigating to: https://www.nawy.com/compound/732-de-joya--2/property/44589-apartment-for-sale-i...
2026-01-31 16:48:00,616 | ERROR | ❌ Navigation error (attempt 1): Timeout 30000ms exceeded.
2026-01-31 16:48:00,618 | INFO | ⏳ Retrying in 2.8s...
2026-01-31 16:48:03,473 | INFO | 📄 Navigating to: https://www.nawy.com/compound/732-de-joya--2/property/44589-apartment-for-sale-i...
2026-01-31 16:48:36,938 | INFO | ➕ Inserted new unit: Apartment for sale in De Joya 2 with 3 bedrooms by
2026-01-31 16:48:36,939 | INFO |       ✅ Apartment for sale in De Joya 2 with 3 bedrooms by
2026-01-31 16:48:40,321 | INFO |    [11/21] Scraping: https://www.nawy.com/compound/599-la-vista-6/property/35078-chalet-ground-for-sa...
2026-01-31 16:48:40,322 | INFO | 📄 Navigating to: https://www.nawy.com/compound/599-la-vista-6/property/35078-chalet-ground-for-sa...
2026-01-31 16:49:10,442 | ERROR | ❌ Navigation error (attempt 1): Timeout 30000ms exceeded.
2026-01-31 16:49:10,442 | INFO | ⏳ Retrying in 3.1s...
2026-01-31 16:49:13,567 | INFO | 📄 Navigating to: https://www.nawy.com/compound/599-la-vista-6/property/35078-chalet-ground-for-sa...
2026-01-31 16:49:22,389 | INFO | ➕ Inserted new unit: Chalet for sale in La Vista 6 - New phase with 3 b
2026-01-31 16:49:22,390 | INFO |       ✅ Chalet for sale in La Vista 6 - New phase with 3 b
2026-01-31 16:49:25,804 | INFO |    [15/21] Scraping: https://www.nawy.com/compound/252-vinci/property/7368-vinci-new-capital-townhous...
2026-01-31 16:49:25,804 | INFO | 📄 Navigating to: https://www.nawy.com/compound/252-vinci/property/7368-vinci-new-capital-townhous...
2026-01-31 16:49:50,202 | INFO | ➕ Inserted new unit: Townhouse for sale in Vinci with 3 bedrooms by Mis
2026-01-31 16:49:50,203 | INFO |       ✅ Townhouse for sale in Vinci with 3 bedrooms by Mis
2026-01-31 16:49:55,121 | INFO |    [16/21] Scraping: https://www.nawy.com/compound/195-mountain-view-icity-new-cairo/property/30755-b...
2026-01-31 16:49:55,124 | INFO | 📄 Navigating to: https://www.nawy.com/compound/195-mountain-view-icity-new-cairo/property/30755-b...
2026-01-31 16:50:25,281 | ERROR | ❌ Navigation error (attempt 1): Timeout 30000ms exceeded.
2026-01-31 16:50:25,283 | INFO | ⏳ Retrying in 2.3s...
2026-01-31 16:50:27,582 | INFO | 📄 Navigating to: https://www.nawy.com/compound/195-mountain-view-icity-new-cairo/property/30755-b...
2026-01-31 16:50:57,699 | ERROR | ❌ Navigation error (attempt 2): Timeout 30000ms exceeded.
2026-01-31 16:50:57,701 | INFO | ⏳ Retrying in 4.6s...
2026-01-31 16:51:02,346 | INFO | 📄 Navigating to: https://www.nawy.com/compound/195-mountain-view-icity-new-cairo/property/30755-b...
2026-01-31 16:51:32,472 | ERROR | ❌ Navigation error (attempt 3): Timeout 30000ms exceeded.
2026-01-31 16:51:32,472 | WARNING |       ❌ Failed to scrape
2026-01-31 16:51:37,794 | INFO |    [18/21] Scraping: https://www.nawy.com/compound/794-de-joya-1-strip-mall/property/40128-en...
2026-01-31 16:51:37,794 | INFO | 📄 Navigating to: https://www.nawy.com/compound/794-de-joya-1-strip-mall/property/40128-en...
2026-01-31 16:52:07,913 | ERROR | ❌ Navigation error (attempt 1): Timeout 30000ms exceeded.
2026-01-31 16:52:07,916 | INFO | ⏳ Retrying in 3.9s...
2026-01-31 16:52:11,862 | INFO | 📄 Navigating to: https://www.nawy.com/compound/794-de-joya-1-strip-mall/property/40128-en...
2026-01-31 16:52:41,997 | ERROR | ❌ Navigation error (attempt 2): Timeout 30000ms exceeded.
2026-01-31 16:52:41,998 | INFO | ⏳ Retrying in 3.5s...
2026-01-31 16:52:45,552 | INFO | 📄 Navigating to: https://www.nawy.com/compound/794-de-joya-1-strip-mall/property/40128-en...
2026-01-31 16:53:02,806 | INFO | ➕ Inserted new unit: Retail for sale in De joya 1 strip mall by Taj Mis
2026-01-31 16:53:02,806 | INFO |       ✅ Retail for sale in De joya 1 strip mall by Taj Mis
2026-01-31 16:53:08,270 | INFO |    [19/21] Scraping: https://www.nawy.com/compound/724-la-mirada/property/36283-mirasol-townhouse-for...
2026-01-31 16:53:08,273 | INFO | 📄 Navigating to: https://www.nawy.com/compound/724-la-mirada/property/36283-mirasol-townhouse-for...
2026-01-31 16:53:30,424 | INFO | ➕ Inserted new unit: Mirasol Townhouse - Middle - for sale in La Mirada
2026-01-31 16:53:30,425 | INFO |       ✅ Mirasol Townhouse - Middle - for sale in La Mirada
2026-01-31 16:53:34,211 | INFO |    [20/21] Scraping: https://www.nawy.com/compound/43-hacienda-bay/property/15825-hacienda-bay-north-...
2026-01-31 16:53:34,214 | INFO | 📄 Navigating to: https://www.nawy.com/compound/43-hacienda-bay/property/15825-hacienda-bay-north-...
2026-01-31 16:54:04,333 | ERROR | ❌ Navigation error (attempt 1): Timeout 30000ms exceeded.
2026-01-31 16:54:04,334 | INFO | ⏳ Retrying in 4.0s...
2026-01-31 16:54:08,344 | INFO | 📄 Navigating to: https://www.nawy.com/compound/43-hacienda-bay/property/15825-hacienda-bay-north-...
2026-01-31 16:54:22,312 | INFO | ➕ Inserted new unit: Hacienda Bay, North Coast - Twinhouse - For Sale
2026-01-31 16:54:22,313 | INFO |       ✅ Hacienda Bay, North Coast - Twinhouse - For Sale
2026-01-31 16:54:27,112 | INFO |    [21/21] Scraping: https://www.nawy.com/compound/165-jefaira/property/12353-jefaira-chalet-ground...
2026-01-31 16:54:27,113 | INFO | 📄 Navigating to: https://www.nawy.com/compound/165-jefaira/property/12353-jefaira-chalet-ground...
2026-01-31 16:54:45,013 | INFO | ➕ Inserted new unit: Chalet for sale in Jefaira with 3 bedrooms in Ras 
2026-01-31 16:54:45,013 | INFO |       ✅ Chalet for sale in Jefaira with 3 bedrooms in Ras 
2026-01-31 16:54:53,983 | INFO | 📄 Page 3/1737
2026-01-31 16:54:53,985 | INFO | 📄 Navigating to: https://www.nawy.com/search?category=property&page_number=3...
2026-01-31 16:55:24,118 | ERROR | ❌ Navigation error (attempt 1): Timeout 30000ms exceeded.
2026-01-31 16:55:24,118 | INFO | ⏳ Retrying in 3.2s...
2026-01-31 16:55:27,364 | INFO | 📄 Navigating to: https://www.nawy.com/search?category=property&page_number=3...
2026-01-31 16:55:57,482 | ERROR | ❌ Navigation error (attempt 2): Timeout 30000ms exceeded.
2026-01-31 16:55:57,482 | INFO | ⏳ Retrying in 3.2s...
2026-01-31 16:56:00,670 | INFO | 📄 Navigating to: https://www.nawy.com/search?category=property&page_number=3...
2026-01-31 16:56:12,792 | INFO |    Found 21 units on page
2026-01-31 16:56:12,792 | INFO |    [2/21] Scraping: https://www.nawy.com/compound/777-la-verde-new-capital/property/45179-en...
2026-01-31 16:56:12,793 | INFO | 📄 Navigating to: https://www.nawy.com/compound/777-la-verde-new-capital/property/45179-en...
2026-01-31 16:56:37,532 | INFO | ➕ Inserted new unit: Apartment for sale in La Verde New Capital with 3 
2026-01-31 16:56:37,532 | INFO |       ✅ Apartment for sale in La Verde New Capital with 3 
2026-01-31 16:56:40,617 | INFO |    [4/21] Scraping: https://www.nawy.com/compound/884-leaves/property/38098-Apartment-for-sale-in-Le...
2026-01-31 16:56:40,618 | INFO | 📄 Navigating to: https://www.nawy.com/compound/884-leaves/property/38098-Apartment-for-sale-in-Le...
2026-01-31 16:56:50,659 | INFO | ➕ Inserted new unit: Apartment for sale in Leaves with 1 bedroom in 6th
2026-01-31 16:56:50,660 | INFO |       ✅ Apartment for sale in Leaves with 1 bedroom in 6th
2026-01-31 16:56:54,120 | INFO |    [5/21] Scraping: https://www.nawy.com/compound/867-ray-residence/property/33556-apartment-for-sal...
2026-01-31 16:56:54,121 | INFO | 📄 Navigating to: https://www.nawy.com/compound/867-ray-residence/property/33556-apartment-for-sal...
2026-01-31 16:57:11,248 | INFO | ➕ Inserted new unit: Apartment for sale in Ray Residence with 3 bedroom
2026-01-31 16:57:11,248 | INFO |       ✅ Apartment for sale in Ray Residence with 3 bedroom
2026-01-31 16:57:14,836 | INFO |    [8/21] Scraping: https://www.nawy.com/compound/957-cinco/property/99271-Clinic-for-sale-in-Cinco-...
2026-01-31 16:57:14,836 | INFO | 📄 Navigating to: https://www.nawy.com/compound/957-cinco/property/99271-Clinic-for-sale-in-Cinco-...
2026-01-31 16:57:24,209 | INFO | ➕ Inserted new unit: Clinic for sale in Cinco in El Lotus by Upwyde Dev
2026-01-31 16:57:24,210 | INFO |       ✅ Clinic for sale in Cinco in El Lotus by Upwyde Dev
2026-01-31 16:57:29,759 | INFO |    [9/21] Scraping: https://www.nawy.com/compound/99-l%E2%80%99avenir/property/111315-Penthouse-for-...
2026-01-31 16:57:29,760 | INFO | 📄 Navigating to: https://www.nawy.com/compound/99-l%E2%80%99avenir/property/111315-Penthouse-for-...
2026-01-31 16:57:39,975 | INFO | ➕ Inserted new unit: Penthouse for sale in L’Avenir with 3 bedrooms in 
2026-01-31 16:57:39,976 | INFO |       ✅ Penthouse for sale in L’Avenir with 3 bedrooms in 
2026-01-31 16:57:44,951 | INFO |    [11/21] Scraping: https://www.nawy.com/compound/16-la-vista-gardens/property/398-la-vista-gardens-...
2026-01-31 16:57:44,951 | INFO | 📄 Navigating to: https://www.nawy.com/compound/16-la-vista-gardens/property/398-la-vista-gardens-...
2026-01-31 16:58:06,275 | INFO | ➕ Inserted new unit: Chalet for sale in La Vista Gardens with 3 bedroom
2026-01-31 16:58:06,275 | INFO |       ✅ Chalet for sale in La Vista Gardens with 3 bedroom
2026-01-31 16:58:09,604 | INFO |    [12/21] Scraping: https://www.nawy.com/compound/823-dejoya-residence/property/27055-de-joya-reside...
2026-01-31 16:58:09,605 | INFO | 📄 Navigating to: https://www.nawy.com/compound/823-dejoya-residence/property/27055-de-joya-reside...
2026-01-31 16:58:39,737 | ERROR | ❌ Navigation error (attempt 1): Timeout 30000ms exceeded.
2026-01-31 16:58:39,740 | INFO | ⏳ Retrying in 2.5s...
2026-01-31 16:58:42,251 | INFO | 📄 Navigating to: https://www.nawy.com/compound/823-dejoya-residence/property/27055-de-joya-reside...
2026-01-31 16:59:12,408 | ERROR | ❌ Navigation error (attempt 2): Timeout 30000ms exceeded.
2026-01-31 16:59:12,410 | INFO | ⏳ Retrying in 3.5s...
2026-01-31 16:59:15,949 | INFO | 📄 Navigating to: https://www.nawy.com/compound/823-dejoya-residence/property/27055-de-joya-reside...
2026-01-31 16:59:46,091 | ERROR | ❌ Navigation error (attempt 3): Timeout 30000ms exceeded.
2026-01-31 16:59:46,092 | WARNING |       ❌ Failed to scrape
2026-01-31 16:59:51,444 | INFO |    [13/21] Scraping: https://www.nawy.com/compound/528-bianchi-ilios/property/94318-townhouse-corner-...
2026-01-31 16:59:51,447 | INFO | 📄 Navigating to: https://www.nawy.com/compound/528-bianchi-ilios/property/94318-townhouse-corner-...
2026-01-31 17:00:01,534 | INFO | ➕ Inserted new unit: Townhouse middle for sale in Bianchi Ilios with 3 
2026-01-31 17:00:01,535 | INFO |       ✅ Townhouse middle for sale in Bianchi Ilios with 3 
2026-01-31 17:00:04,816 | INFO |    [14/21] Scraping: https://www.nawy.com/compound/1270-radix-agile/property/72961-office-for-sale-in...
2026-01-31 17:00:04,819 | INFO | 📄 Navigating to: https://www.nawy.com/compound/1270-radix-agile/property/72961-office-for-sale-in...
2026-01-31 17:00:19,931 | INFO | ➕ Inserted new unit: Office for sale in Radix Agile in New Capital City
2026-01-31 17:00:19,931 | INFO |       ✅ Office for sale in Radix Agile in New Capital City
2026-01-31 17:00:25,839 | INFO |    [17/21] Scraping: https://www.nawy.com/compound/1495-hyde-park-central/property/79362-Villa-for-sa...
2026-01-31 17:00:25,841 | INFO | 📄 Navigating to: https://www.nawy.com/compound/1495-hyde-park-central/property/79362-Villa-for-sa...
2026-01-31 17:00:55,979 | ERROR | ❌ Navigation error (attempt 1): Timeout 30000ms exceeded.
2026-01-31 17:00:55,980 | INFO | ⏳ Retrying in 2.4s...
2026-01-31 17:00:58,389 | INFO | 📄 Navigating to: https://www.nawy.com/compound/1495-hyde-park-central/property/79362-Villa-for-sa...
2026-01-31 17:01:28,510 | ERROR | ❌ Navigation error (attempt 2): Timeout 30000ms exceeded.
2026-01-31 17:01:28,510 | INFO | ⏳ Retrying in 3.6s...
2026-01-31 17:01:32,092 | INFO | 📄 Navigating to: https://www.nawy.com/compound/1495-hyde-park-central/property/79362-Villa-for-sa...
2026-01-31 17:02:02,233 | ERROR | ❌ Navigation error (attempt 3): Timeout 30000ms exceeded.
2026-01-31 17:02:02,234 | WARNING |       ❌ Failed to scrape
2026-01-31 17:02:07,744 | INFO |    [19/21] Scraping: https://www.nawy.com/compound/1078-peerage-residence/property/47330-apartment-fo...
2026-01-31 17:02:07,746 | INFO | 📄 Navigating to: https://www.nawy.com/compound/1078-peerage-residence/property/47330-apartment-fo...
2026-01-31 17:02:37,871 | ERROR | ❌ Navigation error (attempt 1): Timeout 30000ms exceeded.
2026-01-31 17:02:37,873 | INFO | ⏳ Retrying in 3.2s...
2026-01-31 17:02:41,082 | INFO | 📄 Navigating to: https://www.nawy.com/compound/1078-peerage-residence/property/47330-apartment-fo...
2026-01-31 17:03:11,200 | ERROR | ❌ Navigation error (attempt 2): Timeout 30000ms exceeded.
2026-01-31 17:03:11,201 | INFO | ⏳ Retrying in 4.0s...
2026-01-31 17:03:15,239 | INFO | 📄 Navigating to: https://www.nawy.com/compound/1078-peerage-residence/property/47330-apartment-fo...
2026-01-31 17:03:24,104 | INFO | ➕ Inserted new unit: Apartment for sale in Peerage Residence with 2 bed
2026-01-31 17:03:24,104 | INFO |       ✅ Apartment for sale in Peerage Residence with 2 bed
2026-01-31 17:03:34,257 | INFO | 📄 Page 4/1737
2026-01-31 17:03:34,258 | INFO | 📄 Navigating to: https://www.nawy.com/search?category=property&page_number=4...
2026-01-31 17:03:42,998 | INFO |    Found 21 units on page
2026-01-31 17:03:42,999 | INFO |    [2/21] Scraping: https://www.nawy.com/compound/1623-jay/property/89972-Apartment-for-sale-in-Jay-...
2026-01-31 17:03:42,999 | INFO | 📄 Navigating to: https://www.nawy.com/compound/1623-jay/property/89972-Apartment-for-sale-in-Jay-...
2026-01-31 17:03:56,991 | INFO | ➕ Inserted new unit: Apartment for sale in Jay with 2 bedrooms in Al Da
2026-01-31 17:03:56,992 | INFO |       ✅ Apartment for sale in Jay with 2 bedrooms in Al Da
2026-01-31 17:04:00,376 | INFO |    [3/21] Scraping: https://www.nawy.com/compound/1441-sapphire-golf-residences/property/73447-apart...
2026-01-31 17:04:00,378 | INFO | 📄 Navigating to: https://www.nawy.com/compound/1441-sapphire-golf-residences/property/73447-apart...
2026-01-31 17:04:30,508 | ERROR | ❌ Navigation error (attempt 1): Timeout 30000ms exceeded.
2026-01-31 17:04:30,511 | INFO | ⏳ Retrying in 2.8s...
2026-01-31 17:04:33,307 | INFO | 📄 Navigating to: https://www.nawy.com/compound/1441-sapphire-golf-residences/property/73447-apart...
2026-01-31 17:05:03,451 | ERROR | ❌ Navigation error (attempt 2): Timeout 30000ms exceeded.
2026-01-31 17:05:03,452 | INFO | ⏳ Retrying in 3.1s...
2026-01-31 17:05:06,517 | INFO | 📄 Navigating to: https://www.nawy.com/compound/1441-sapphire-golf-residences/property/73447-apart...
2026-01-31 17:05:15,427 | INFO | ➕ Inserted new unit: Apartment for sale in Sapphire Golf Residences wit
2026-01-31 17:05:15,427 | INFO |       ✅ Apartment for sale in Sapphire Golf Residences wit
2026-01-31 17:05:21,294 | INFO |    [5/21] Scraping: https://www.nawy.com/compound/927-salt/property/86676-condo-chalet-open-beach-fo...
2026-01-31 17:05:21,296 | INFO | 📄 Navigating to: https://www.nawy.com/compound/927-salt/property/86676-condo-chalet-open-beach-fo...
2026-01-31 17:05:33,395 | INFO | ➕ Inserted new unit: Condo Chalet open beach for sale in Salt
2026-01-31 17:05:33,396 | INFO |       ✅ Condo Chalet open beach for sale in Salt
2026-01-31 17:05:39,334 | INFO |    [6/21] Scraping: https://www.nawy.com/compound/204-trio/property/112732-Apartment-for-sale-in-Tri...
2026-01-31 17:05:39,335 | INFO | 📄 Navigating to: https://www.nawy.com/compound/204-trio/property/112732-Apartment-for-sale-in-Tri...
2026-01-31 17:06:09,456 | ERROR | ❌ Navigation error (attempt 1): Timeout 30000ms exceeded.
2026-01-31 17:06:09,457 | INFO | ⏳ Retrying in 2.3s...
2026-01-31 17:06:11,821 | INFO | 📄 Navigating to: https://www.nawy.com/compound/204-trio/property/112732-Apartment-for-sale-in-Tri...
2026-01-31 17:06:41,939 | ERROR | ❌ Navigation error (attempt 2): Timeout 30000ms exceeded.
2026-01-31 17:06:41,939 | INFO | ⏳ Retrying in 4.3s...
2026-01-31 17:06:46,271 | INFO | 📄 Navigating to: https://www.nawy.com/compound/204-trio/property/112732-Apartment-for-sale-in-Tri...
2026-01-31 17:07:16,389 | ERROR | ❌ Navigation error (attempt 3): Timeout 30000ms exceeded.
2026-01-31 17:07:16,392 | WARNING |       ❌ Failed to scrape
2026-01-31 17:07:19,767 | INFO |    [9/21] Scraping: https://www.nawy.com/compound/1395-lusail-residence/property/70489-apartment-for...
2026-01-31 17:07:19,767 | INFO | 📄 Navigating to: https://www.nawy.com/compound/1395-lusail-residence/property/70489-apartment-for...
2026-01-31 17:07:49,885 | ERROR | ❌ Navigation error (attempt 1): Timeout 30000ms exceeded.
2026-01-31 17:07:49,886 | INFO | ⏳ Retrying in 2.4s...
2026-01-31 17:07:52,322 | INFO | 📄 Navigating to: https://www.nawy.com/compound/1395-lusail-residence/property/70489-apartment-for...
2026-01-31 17:08:22,443 | ERROR | ❌ Navigation error (attempt 2): Timeout 30000ms exceeded.
2026-01-31 17:08:22,444 | INFO | ⏳ Retrying in 4.7s...
2026-01-31 17:08:27,213 | INFO | 📄 Navigating to: https://www.nawy.com/compound/1395-lusail-residence/property/70489-apartment-for...
2026-01-31 17:08:57,354 | ERROR | ❌ Navigation error (attempt 3): Timeout 30000ms exceeded.
2026-01-31 17:08:57,355 | WARNING |       ❌ Failed to scrape
2026-01-31 17:09:00,677 | INFO |    [11/21] Scraping: https://www.nawy.com/compound/1568-club-residence/property/97168-Apartment-for-s...
2026-01-31 17:09:00,677 | INFO | 📄 Navigating to: https://www.nawy.com/compound/1568-club-residence/property/97168-Apartment-for-s...
2026-01-31 17:09:30,800 | ERROR | ❌ Navigation error (attempt 1): Timeout 30000ms exceeded.
2026-01-31 17:09:30,801 | INFO | ⏳ Retrying in 2.5s...
2026-01-31 17:09:33,316 | INFO | 📄 Navigating to: https://www.nawy.com/compound/1568-club-residence/property/97168-Apartment-for-s...
2026-01-31 17:10:03,442 | ERROR | ❌ Navigation error (attempt 2): Timeout 30000ms exceeded.
2026-01-31 17:10:03,444 | INFO | ⏳ Retrying in 3.1s...
2026-01-31 17:10:06,540 | INFO | 📄 Navigating to: https://www.nawy.com/compound/1568-club-residence/property/97168-Apartment-for-s...
2026-01-31 17:10:15,166 | ERROR | Error
Traceback (most recent call last):
  File "E:\StudioProjects\SemsAi\nawy-scraper\scrape_units_smart.py", line 810, in scrape_all_units
    unit_data = await scraper.scrape_unit_detail(unit_url)
                ^^^^^^^^^^^^^^^^^^^^^^^^^^^^^^^^^^^^^^^^^^
  File "E:\StudioProjects\SemsAi\nawy-scraper\scrape_units_smart.py", line 189, in scrape_unit_detail
    if not await self.safe_goto(url):
           ^^^^^^^^^^^^^^^^^^^^^^^^^
  File "E:\StudioProjects\SemsAi\nawy-scraper\scrapers\base_scraper.py", line 148, in safe_goto
    response = await self.page.goto(
               ^^^^^^^^^^^^^^^^^^^^^
  File "C:\Users\Youssef\AppData\Roaming\Python\Python312\site-packages\playwright\async_api\_generated.py", line 9260, in goto
    await self._impl_obj.goto(
  File "C:\Users\Youssef\AppData\Roaming\Python\Python312\site-packages\playwright\_impl\_page.py", line 475, in goto
    return await self._main_frame.goto(**locals_to_params(locals()))
           ^^^^^^^^^^^^^^^^^^^^^^^^^^^^^^^^^^^^^^^^^^^^^^^^^^^^^^^^^
  File "C:\Users\Youssef\AppData\Roaming\Python\Python312\site-packages\playwright\_impl\_frame.py", line 139, in goto
    await self._channel.send("goto", locals_to_params(locals()))
  File "C:\Users\Youssef\AppData\Roaming\Python\Python312\site-packages\playwright\_impl\_connection.py", line 62, in send
    return await self._connection.wrap_api_call(
           ^^^^^^^^^^^^^^^^^^^^^^^^^^^^^^^^^^^^^
  File "C:\Users\Youssef\AppData\Roaming\Python\Python312\site-packages\playwright\_impl\_connection.py", line 492, in wrap_api_call
    return await cb()
           ^^^^^^^^^^
  File "C:\Users\Youssef\AppData\Roaming\Python\Python312\site-packages\playwright\_impl\_connection.py", line 91, in inner_send
    done, _ = await asyncio.wait(
              ^^^^^^^^^^^^^^^^^^^
  File "C:\Program Files\Python312\Lib\asyncio\tasks.py", line 464, in wait
    return await _wait(fs, timeout, return_when, loop)
           ^^^^^^^^^^^^^^^^^^^^^^^^^^^^^^^^^^^^^^^^^^^
  File "C:\Program Files\Python312\Lib\asyncio\tasks.py", line 550, in _wait
    await waiter
asyncio.exceptions.CancelledError

During handling of the above exception, another exception occurred:

Traceback (most recent call last):
  File "E:\StudioProjects\SemsAi\nawy-scraper\scrape_units_smart.py", line 894, in main
    stats = asyncio.run(scrape_all_units())
            ^^^^^^^^^^^^^^^^^^^^^^^^^^^^^^^
  File "C:\Program Files\Python312\Lib\asyncio\runners.py", line 194, in run
    return runner.run(main)
           ^^^^^^^^^^^^^^^^
  File "C:\Program Files\Python312\Lib\asyncio\runners.py", line 118, in run
    return self._loop.run_until_complete(task)
           ^^^^^^^^^^^^^^^^^^^^^^^^^^^^^^^^^^^
  File "C:\Program Files\Python312\Lib\asyncio\base_events.py", line 687, in run_until_complete
    return future.result()
           ^^^^^^^^^^^^^^^
  File "E:\StudioProjects\SemsAi\nawy-scraper\scrape_units_smart.py", line 851, in scrape_all_units
    await scraper.close()
  File "E:\StudioProjects\SemsAi\nawy-scraper\scrapers\base_scraper.py", line 107, in close
    await self.context.close()
  File "C:\Users\Youssef\AppData\Roaming\Python\Python312\site-packages\playwright\async_api\_generated.py", line 13758, in close
    return mapping.from_maybe_impl(await self._impl_obj.close(reason=reason))
                                   ^^^^^^^^^^^^^^^^^^^^^^^^^^^^^^^^^^^^^^^^^
  File "C:\Users\Youssef\AppData\Roaming\Python\Python312\site-packages\playwright\_impl\_browser_context.py", line 485, in close
    await self._channel.send("close", filter_none({"reason": reason}))
  File "C:\Users\Youssef\AppData\Roaming\Python\Python312\site-packages\playwright\_impl\_connection.py", line 62, in send
    return await self._connection.wrap_api_call(
           ^^^^^^^^^^^^^^^^^^^^^^^^^^^^^^^^^^^^^
  File "C:\Users\Youssef\AppData\Roaming\Python\Python312\site-packages\playwright\_impl\_connection.py", line 492, in wrap_api_call
    return await cb()
           ^^^^^^^^^^
  File "C:\Users\Youssef\AppData\Roaming\Python\Python312\site-packages\playwright\_impl\_connection.py", line 100, in inner_send
    result = next(iter(done)).result()
             ^^^^^^^^^^^^^^^^^^^^^^^^^
playwright._impl._errors.TargetClosedError: Target page, context or browser has been closed
2026-01-31 17:10:15,335 | INFO | 🔌 Disconnected from MongoDB
